App(
  Lam(
    x,
    Lam(
      y,
      App(
        Var(
          y
        ),
        App(
          App(
            Var(
              x
            ),
            Var(
              x
            )
          ),
          Var(
            y
          )
        )
      )
    )
  ),
  Lam(
    x,
    Lam(
      y,
      App(
        Var(
          y
        ),
        App(
          App(
            Var(
              x
            ),
            Var(
              x
            )
          ),
          Var(
            y
          )
        )
      )
    )
  )
)
