Cons(
  Rule(
    grammar,
    Cons(
      Production(
        Cons(
          SymbolNonterm(
            rule
          ),
          Cons(
            SymbolNonterm(
              grammar
            ),
            Nil
          )
        ),
        TermNode(
          Cons,
          Cons(
            TermParameter(
              $,
              1
            ),
            Cons(
              TermParameter(
                $,
                2
              ),
              Nil
            )
          )
        )
      ),
      Cons(
        Production(
          Nil,
          TermNode(
            Nil,
            Nil
          )
        ),
        Nil
      )
    )
  ),
  Cons(
    Rule(
      rule,
      Cons(
        Production(
          Cons(
            SymbolId,
            Cons(
              SymbolNonterm(
                productions
              ),
              Nil
            )
          ),
          TermNode(
            Rule,
            Cons(
              TermParameter(
                $,
                1
              ),
              Cons(
                TermParameter(
                  $,
                  2
                ),
                Nil
              )
            )
          )
        ),
        Nil
      )
    ),
    Cons(
      Rule(
        productions,
        Cons(
          Production(
            Nil,
            TermNode(
              Nil,
              Nil
            )
          ),
          Cons(
            Production(
              Cons(
                SymbolNonterm(
                  production
                ),
                Cons(
                  SymbolNonterm(
                    productions
                  ),
                  Nil
                )
              ),
              TermNode(
                Cons,
                Cons(
                  TermParameter(
                    $,
                    1
                  ),
                  Cons(
                    TermParameter(
                      $,
                      2
                    ),
                    Nil
                  )
                )
              )
            ),
            Nil
          )
        )
      ),
      Cons(
        Rule(
          production,
          Cons(
            Production(
              Cons(
                SymbolLiteral(
                  "|"
                ),
                Cons(
                  SymbolNonterm(
                    expansion
                  ),
                  Cons(
                    SymbolLiteral(
                      "=>"
                    ),
                    Cons(
                      SymbolNonterm(
                        term
                      ),
                      Nil
                    )
                  )
                )
              ),
              TermNode(
                Production,
                Cons(
                  TermParameter(
                    $,
                    2
                  ),
                  Cons(
                    TermParameter(
                      $,
                      4
                    ),
                    Nil
                  )
                )
              )
            ),
            Nil
          )
        ),
        Cons(
          Rule(
            expansion,
            Cons(
              Production(
                Nil,
                TermNode(
                  Nil,
                  Nil
                )
              ),
              Cons(
                Production(
                  Cons(
                    SymbolNonterm(
                      symbol
                    ),
                    Cons(
                      SymbolNonterm(
                        expansion
                      ),
                      Nil
                    )
                  ),
                  TermNode(
                    Cons,
                    Cons(
                      TermParameter(
                        $,
                        1
                      ),
                      Cons(
                        TermParameter(
                          $,
                          2
                        ),
                        Nil
                      )
                    )
                  )
                ),
                Nil
              )
            )
          ),
          Cons(
            Rule(
              symbol,
              Cons(
                Production(
                  Cons(
                    SymbolLiteral(
                      "ID"
                    ),
                    Nil
                  ),
                  TermNode(
                    SymbolId,
                    Nil
                  )
                ),
                Cons(
                  Production(
                    Cons(
                      SymbolLiteral(
                        "STRING"
                      ),
                      Nil
                    ),
                    TermNode(
                      SymbolString,
                      Nil
                    )
                  ),
                  Cons(
                    Production(
                      Cons(
                        SymbolLiteral(
                          "NUM"
                        ),
                        Nil
                      ),
                      TermNode(
                        SymbolNum,
                        Nil
                      )
                    ),
                    Cons(
                      Production(
                        Cons(
                          SymbolString,
                          Nil
                        ),
                        TermNode(
                          SymbolLiteral,
                          Cons(
                            TermParameter(
                              $,
                              1
                            ),
                            Nil
                          )
                        )
                      ),
                      Cons(
                        Production(
                          Cons(
                            SymbolId,
                            Nil
                          ),
                          TermNode(
                            SymbolNonterm,
                            Cons(
                              TermParameter(
                                $,
                                1
                              ),
                              Nil
                            )
                          )
                        ),
                        Nil
                      )
                    )
                  )
                )
              )
            ),
            Cons(
              Rule(
                term,
                Cons(
                  Production(
                    Cons(
                      SymbolLiteral(
                        "_"
                      ),
                      Nil
                    ),
                    TermNode(
                      TermHole,
                      Nil
                    )
                  ),
                  Cons(
                    Production(
                      Cons(
                        SymbolId,
                        Cons(
                          SymbolNonterm(
                            arguments
                          ),
                          Nil
                        )
                      ),
                      TermNode(
                        TermNode,
                        Cons(
                          TermParameter(
                            $,
                            1
                          ),
                          Cons(
                            TermParameter(
                              $,
                              2
                            ),
                            Nil
                          )
                        )
                      )
                    ),
                    Cons(
                      Production(
                        Cons(
                          SymbolString,
                          Nil
                        ),
                        TermNode(
                          TermString,
                          Cons(
                            TermParameter(
                              $,
                              1
                            ),
                            Nil
                          )
                        )
                      ),
                      Cons(
                        Production(
                          Cons(
                            SymbolNum,
                            Nil
                          ),
                          TermNode(
                            TermNum,
                            Cons(
                              TermParameter(
                                $,
                                1
                              ),
                              Nil
                            )
                          )
                        ),
                        Cons(
                          Production(
                            Cons(
                              SymbolLiteral(
                                "$"
                              ),
                              Cons(
                                SymbolNum,
                                Cons(
                                  SymbolNonterm(
                                    substitution
                                  ),
                                  Nil
                                )
                              )
                            ),
                            TermNode(
                              TermParameter,
                              Cons(
                                TermParameter(
                                  $,
                                  1
                                ),
                                Cons(
                                  TermParameter(
                                    $,
                                    2
                                  ),
                                  Nil
                                )
                              )
                            )
                          ),
                          Nil
                        )
                      )
                    )
                  )
                )
              ),
              Cons(
                Rule(
                  arguments,
                  Cons(
                    Production(
                      Nil,
                      TermNode(
                        Nil,
                        Nil
                      )
                    ),
                    Cons(
                      Production(
                        Cons(
                          SymbolLiteral(
                            "("
                          ),
                          Cons(
                            SymbolNonterm(
                              arglist
                            ),
                            Cons(
                              SymbolLiteral(
                                ")"
                              ),
                              Nil
                            )
                          )
                        ),
                        TermParameter(
                          $,
                          2
                        )
                      ),
                      Nil
                    )
                  )
                ),
                Cons(
                  Rule(
                    arglist,
                    Cons(
                      Production(
                        Nil,
                        TermNode(
                          Nil,
                          Nil
                        )
                      ),
                      Cons(
                        Production(
                          Cons(
                            SymbolNonterm(
                              term
                            ),
                            Cons(
                              SymbolNonterm(
                                arglistc
                              ),
                              Nil
                            )
                          ),
                          TermNode(
                            Cons,
                            Cons(
                              TermParameter(
                                $,
                                1
                              ),
                              Cons(
                                TermParameter(
                                  $,
                                  2
                                ),
                                Nil
                              )
                            )
                          )
                        ),
                        Nil
                      )
                    )
                  ),
                  Cons(
                    Rule(
                      arglistc,
                      Cons(
                        Production(
                          Nil,
                          TermNode(
                            Nil,
                            Nil
                          )
                        ),
                        Cons(
                          Production(
                            Cons(
                              SymbolLiteral(
                                ","
                              ),
                              Cons(
                                SymbolNonterm(
                                  term
                                ),
                                Cons(
                                  SymbolNonterm(
                                    arglistc
                                  ),
                                  Nil
                                )
                              )
                            ),
                            TermNode(
                              Cons,
                              Cons(
                                TermParameter(
                                  $,
                                  2
                                ),
                                Cons(
                                  TermParameter(
                                    $,
                                    3
                                  ),
                                  Nil
                                )
                              )
                            )
                          ),
                          Nil
                        )
                      )
                    ),
                    Cons(
                      Rule(
                        substitution,
                        Cons(
                          Production(
                            Nil,
                            TermNode(
                              Nothing,
                              Nil
                            )
                          ),
                          Cons(
                            Production(
                              Cons(
                                SymbolLiteral(
                                  "["
                                ),
                                Cons(
                                  SymbolNonterm(
                                    term
                                  ),
                                  Cons(
                                    SymbolLiteral(
                                      "]"
                                    ),
                                    Nil
                                  )
                                )
                              ),
                              TermNode(
                                Just,
                                Cons(
                                  TermParameter(
                                    $,
                                    2
                                  ),
                                  Nil
                                )
                              )
                            ),
                            Nil
                          )
                        )
                      ),
                      Nil
                    )
                  )
                )
              )
            )
          )
        )
      )
    )
  )
)
