Cons(
  Rule(
    programa,
    Cons(
      Production(
        Nil,
        TermNode(
          Nil,
          Nil
        )
      ),
      Cons(
        Production(
          Cons(
            SymbolNonterm(
              declaracion_de_funcion
            ),
            Cons(
              SymbolNonterm(
                programa
              ),
              Nil
            )
          ),
          TermNode(
            Cons,
            Cons(
              TermParameter(
                $,
                1
              ),
              Cons(
                TermParameter(
                  $,
                  2
                ),
                Nil
              )
            )
          )
        ),
        Nil
      )
    )
  ),
  Cons(
    Rule(
      declaracion_de_funcion,
      Cons(
        Production(
          Cons(
            SymbolLiteral(
              "fun"
            ),
            Cons(
              SymbolId,
              Cons(
                SymbolNonterm(
                  parametros
                ),
                Cons(
                  SymbolNonterm(
                    decl_tipo
                  ),
                  Cons(
                    SymbolNonterm(
                      bloque
                    ),
                    Nil
                  )
                )
              )
            )
          ),
          TermNode(
            Function,
            Cons(
              TermParameter(
                $,
                2
              ),
              Cons(
                TermParameter(
                  $,
                  3
                ),
                Cons(
                  TermParameter(
                    $,
                    4
                  ),
                  Cons(
                    TermParameter(
                      $,
                      5
                    ),
                    Nil
                  )
                )
              )
            )
          )
        ),
        Nil
      )
    ),
    Cons(
      Rule(
        decl_tipo,
        Cons(
          Production(
            Nil,
            TermNode(
              Unit,
              Nil
            )
          ),
          Cons(
            Production(
              Cons(
                SymbolLiteral(
                  ":"
                ),
                Cons(
                  SymbolNonterm(
                    tipo
                  ),
                  Nil
                )
              ),
              TermParameter(
                $,
                2
              )
            ),
            Nil
          )
        )
      ),
      Cons(
        Rule(
          parametros,
          Cons(
            Production(
              Cons(
                SymbolLiteral(
                  "("
                ),
                Cons(
                  SymbolNonterm(
                    lista_parametros
                  ),
                  Cons(
                    SymbolLiteral(
                      ")"
                    ),
                    Nil
                  )
                )
              ),
              TermParameter(
                $,
                2
              )
            ),
            Nil
          )
        ),
        Cons(
          Rule(
            lista_parametros,
            Cons(
              Production(
                Nil,
                TermNode(
                  Nil,
                  Nil
                )
              ),
              Cons(
                Production(
                  Cons(
                    SymbolNonterm(
                      parametro
                    ),
                    Cons(
                      SymbolNonterm(
                        lista_parametros_cont
                      ),
                      Nil
                    )
                  ),
                  TermNode(
                    Cons,
                    Cons(
                      TermParameter(
                        $,
                        1
                      ),
                      Cons(
                        TermParameter(
                          $,
                          2
                        ),
                        Nil
                      )
                    )
                  )
                ),
                Nil
              )
            )
          ),
          Cons(
            Rule(
              lista_parametros_cont,
              Cons(
                Production(
                  Nil,
                  TermNode(
                    Nil,
                    Nil
                  )
                ),
                Cons(
                  Production(
                    Cons(
                      SymbolLiteral(
                        ","
                      ),
                      Cons(
                        SymbolNonterm(
                          parametro
                        ),
                        Cons(
                          SymbolNonterm(
                            lista_parametros_cont
                          ),
                          Nil
                        )
                      )
                    ),
                    TermNode(
                      Cons,
                      Cons(
                        TermParameter(
                          $,
                          2
                        ),
                        Cons(
                          TermParameter(
                            $,
                            3
                          ),
                          Nil
                        )
                      )
                    )
                  ),
                  Nil
                )
              )
            ),
            Cons(
              Rule(
                parametro,
                Cons(
                  Production(
                    Cons(
                      SymbolId,
                      Cons(
                        SymbolLiteral(
                          ":"
                        ),
                        Cons(
                          SymbolNonterm(
                            tipo
                          ),
                          Nil
                        )
                      )
                    ),
                    TermNode(
                      Parameter,
                      Cons(
                        TermParameter(
                          $,
                          1
                        ),
                        Cons(
                          TermParameter(
                            $,
                            3
                          ),
                          Nil
                        )
                      )
                    )
                  ),
                  Nil
                )
              ),
              Cons(
                Rule(
                  tipo,
                  Cons(
                    Production(
                      Cons(
                        SymbolLiteral(
                          "Int"
                        ),
                        Nil
                      ),
                      TermNode(
                        Int,
                        Nil
                      )
                    ),
                    Cons(
                      Production(
                        Cons(
                          SymbolLiteral(
                            "Bool"
                          ),
                          Nil
                        ),
                        TermNode(
                          Bool,
                          Nil
                        )
                      ),
                      Cons(
                        Production(
                          Cons(
                            SymbolLiteral(
                              "Vec"
                            ),
                            Nil
                          ),
                          TermNode(
                            Vec,
                            Nil
                          )
                        ),
                        Nil
                      )
                    )
                  )
                ),
                Cons(
                  Rule(
                    bloque,
                    Cons(
                      Production(
                        Cons(
                          SymbolLiteral(
                            "{"
                          ),
                          Cons(
                            SymbolNonterm(
                              lista_instrucciones
                            ),
                            Cons(
                              SymbolLiteral(
                                "}"
                              ),
                              Nil
                            )
                          )
                        ),
                        TermParameter(
                          $,
                          2
                        )
                      ),
                      Nil
                    )
                  ),
                  Cons(
                    Rule(
                      lista_instrucciones,
                      Cons(
                        Production(
                          Nil,
                          TermNode(
                            Nil,
                            Nil
                          )
                        ),
                        Cons(
                          Production(
                            Cons(
                              SymbolNonterm(
                                instruccion
                              ),
                              Cons(
                                SymbolNonterm(
                                  lista_instrucciones
                                ),
                                Nil
                              )
                            ),
                            TermNode(
                              Cons,
                              Cons(
                                TermParameter(
                                  $,
                                  1
                                ),
                                Cons(
                                  TermParameter(
                                    $,
                                    2
                                  ),
                                  Nil
                                )
                              )
                            )
                          ),
                          Nil
                        )
                      )
                    ),
                    Cons(
                      Rule(
                        instruccion,
                        Cons(
                          Production(
                            Cons(
                              SymbolId,
                              Cons(
                                SymbolNonterm(
                                  instruccion_ID
                                ),
                                Nil
                              )
                            ),
                            TermParameter(
                              $,
                              2
                            )
                          ),
                          Cons(
                            Production(
                              Cons(
                                SymbolLiteral(
                                  "if"
                                ),
                                Cons(
                                  SymbolNonterm(
                                    expresion
                                  ),
                                  Cons(
                                    SymbolNonterm(
                                      bloque
                                    ),
                                    Cons(
                                      SymbolNonterm(
                                        else
                                      ),
                                      Nil
                                    )
                                  )
                                )
                              ),
                              TermNode(
                                StmtIf,
                                Cons(
                                  TermParameter(
                                    $,
                                    2
                                  ),
                                  Cons(
                                    TermParameter(
                                      $,
                                      3
                                    ),
                                    Cons(
                                      TermParameter(
                                        $,
                                        4
                                      ),
                                      Nil
                                    )
                                  )
                                )
                              )
                            ),
                            Cons(
                              Production(
                                Cons(
                                  SymbolLiteral(
                                    "while"
                                  ),
                                  Cons(
                                    SymbolNonterm(
                                      expresion
                                    ),
                                    Cons(
                                      SymbolNonterm(
                                        bloque
                                      ),
                                      Nil
                                    )
                                  )
                                ),
                                TermNode(
                                  StmtWhile,
                                  Cons(
                                    TermParameter(
                                      $,
                                      2
                                    ),
                                    Cons(
                                      TermParameter(
                                        $,
                                        3
                                      ),
                                      Nil
                                    )
                                  )
                                )
                              ),
                              Cons(
                                Production(
                                  Cons(
                                    SymbolLiteral(
                                      "return"
                                    ),
                                    Cons(
                                      SymbolNonterm(
                                        expresion
                                      ),
                                      Nil
                                    )
                                  ),
                                  TermNode(
                                    StmtReturn,
                                    Cons(
                                      TermParameter(
                                        $,
                                        2
                                      ),
                                      Nil
                                    )
                                  )
                                ),
                                Nil
                              )
                            )
                          )
                        )
                      ),
                      Cons(
                        Rule(
                          instruccion_ID,
                          Cons(
                            Production(
                              Cons(
                                SymbolLiteral(
                                  ":="
                                ),
                                Cons(
                                  SymbolNonterm(
                                    expresion
                                  ),
                                  Nil
                                )
                              ),
                              TermNode(
                                StmtAssign,
                                Cons(
                                  TermHole,
                                  Cons(
                                    TermParameter(
                                      $,
                                      2
                                    ),
                                    Nil
                                  )
                                )
                              )
                            ),
                            Cons(
                              Production(
                                Cons(
                                  SymbolLiteral(
                                    "["
                                  ),
                                  Cons(
                                    SymbolNonterm(
                                      expresion
                                    ),
                                    Cons(
                                      SymbolLiteral(
                                        "]"
                                      ),
                                      Cons(
                                        SymbolLiteral(
                                          ":="
                                        ),
                                        Cons(
                                          SymbolNonterm(
                                            expresion
                                          ),
                                          Nil
                                        )
                                      )
                                    )
                                  )
                                ),
                                TermNode(
                                  StmtVecAssign,
                                  Cons(
                                    TermHole,
                                    Cons(
                                      TermParameter(
                                        $,
                                        2
                                      ),
                                      Cons(
                                        TermParameter(
                                          $,
                                          5
                                        ),
                                        Nil
                                      )
                                    )
                                  )
                                )
                              ),
                              Cons(
                                Production(
                                  Cons(
                                    SymbolLiteral(
                                      "("
                                    ),
                                    Cons(
                                      SymbolNonterm(
                                        lista_expresiones
                                      ),
                                      Cons(
                                        SymbolLiteral(
                                          ")"
                                        ),
                                        Nil
                                      )
                                    )
                                  ),
                                  TermNode(
                                    StmtCall,
                                    Cons(
                                      TermHole,
                                      Cons(
                                        TermParameter(
                                          $,
                                          2
                                        ),
                                        Nil
                                      )
                                    )
                                  )
                                ),
                                Nil
                              )
                            )
                          )
                        ),
                        Cons(
                          Rule(
                            else,
                            Cons(
                              Production(
                                Nil,
                                TermNode(
                                  Nothing,
                                  Nil
                                )
                              ),
                              Cons(
                                Production(
                                  Cons(
                                    SymbolLiteral(
                                      "else"
                                    ),
                                    Cons(
                                      SymbolNonterm(
                                        bloque
                                      ),
                                      Nil
                                    )
                                  ),
                                  TermNode(
                                    Just,
                                    Cons(
                                      TermParameter(
                                        $,
                                        2
                                      ),
                                      Nil
                                    )
                                  )
                                ),
                                Nil
                              )
                            )
                          ),
                          Cons(
                            Rule(
                              lista_expresiones,
                              Cons(
                                Production(
                                  Nil,
                                  TermNode(
                                    Nil,
                                    Nil
                                  )
                                ),
                                Cons(
                                  Production(
                                    Cons(
                                      SymbolNonterm(
                                        expresion
                                      ),
                                      Cons(
                                        SymbolNonterm(
                                          lista_expresiones_cont
                                        ),
                                        Nil
                                      )
                                    ),
                                    TermNode(
                                      Cons,
                                      Cons(
                                        TermParameter(
                                          $,
                                          1
                                        ),
                                        Cons(
                                          TermParameter(
                                            $,
                                            2
                                          ),
                                          Nil
                                        )
                                      )
                                    )
                                  ),
                                  Nil
                                )
                              )
                            ),
                            Cons(
                              Rule(
                                lista_expresiones_cont,
                                Cons(
                                  Production(
                                    Nil,
                                    TermNode(
                                      Nil,
                                      Nil
                                    )
                                  ),
                                  Cons(
                                    Production(
                                      Cons(
                                        SymbolLiteral(
                                          ","
                                        ),
                                        Cons(
                                          SymbolNonterm(
                                            expresion
                                          ),
                                          Cons(
                                            SymbolNonterm(
                                              lista_expresiones_cont
                                            ),
                                            Nil
                                          )
                                        )
                                      ),
                                      TermNode(
                                        Cons,
                                        Cons(
                                          TermParameter(
                                            $,
                                            2
                                          ),
                                          Cons(
                                            TermParameter(
                                              $,
                                              3
                                            ),
                                            Nil
                                          )
                                        )
                                      )
                                    ),
                                    Nil
                                  )
                                )
                              ),
                              Cons(
                                Rule(
                                  expresion,
                                  Cons(
                                    Production(
                                      Cons(
                                        SymbolNonterm(
                                          expresion_logica
                                        ),
                                        Nil
                                      ),
                                      TermParameter(
                                        $,
                                        1
                                      )
                                    ),
                                    Nil
                                  )
                                ),
                                Cons(
                                  Rule(
                                    expresion_logica,
                                    Cons(
                                      Production(
                                        Cons(
                                          SymbolNonterm(
                                            expresion_logica_atomica
                                          ),
                                          Cons(
                                            SymbolNonterm(
                                              expresion_logica_op
                                            ),
                                            Nil
                                          )
                                        ),
                                        TermParameter(
                                          $,
                                          2
                                        )
                                      ),
                                      Nil
                                    )
                                  ),
                                  Cons(
                                    Rule(
                                      expresion_logica_op,
                                      Cons(
                                        Production(
                                          Nil,
                                          TermHole
                                        ),
                                        Cons(
                                          Production(
                                            Cons(
                                              SymbolLiteral(
                                                "and"
                                              ),
                                              Cons(
                                                SymbolNonterm(
                                                  expresion_logica_atomica
                                                ),
                                                Cons(
                                                  SymbolNonterm(
                                                    expresion_logica_op
                                                  ),
                                                  Nil
                                                )
                                              )
                                            ),
                                            TermParameter(
                                              $,
                                              3
                                            )
                                          ),
                                          Cons(
                                            Production(
                                              Cons(
                                                SymbolLiteral(
                                                  "or"
                                                ),
                                                Cons(
                                                  SymbolNonterm(
                                                    expresion_logica_atomica
                                                  ),
                                                  Cons(
                                                    SymbolNonterm(
                                                      expresion_logica_op
                                                    ),
                                                    Nil
                                                  )
                                                )
                                              ),
                                              TermParameter(
                                                $,
                                                3
                                              )
                                            ),
                                            Nil
                                          )
                                        )
                                      )
                                    ),
                                    Cons(
                                      Rule(
                                        expresion_logica_atomica,
                                        Cons(
                                          Production(
                                            Cons(
                                              SymbolNonterm(
                                                expresion_relacional
                                              ),
                                              Nil
                                            ),
                                            TermParameter(
                                              $,
                                              1
                                            )
                                          ),
                                          Cons(
                                            Production(
                                              Cons(
                                                SymbolLiteral(
                                                  "not"
                                                ),
                                                Cons(
                                                  SymbolNonterm(
                                                    expresion_logica_atomica
                                                  ),
                                                  Nil
                                                )
                                              ),
                                              TermNode(
                                                ExprNot,
                                                Cons(
                                                  TermParameter(
                                                    $,
                                                    2
                                                  ),
                                                  Nil
                                                )
                                              )
                                            ),
                                            Nil
                                          )
                                        )
                                      ),
                                      Cons(
                                        Rule(
                                          expresion_relacional,
                                          Cons(
                                            Production(
                                              Cons(
                                                SymbolNonterm(
                                                  expresion_aditiva
                                                ),
                                                Cons(
                                                  SymbolNonterm(
                                                    expresion_relacional_op
                                                  ),
                                                  Nil
                                                )
                                              ),
                                              TermParameter(
                                                $,
                                                2
                                              )
                                            ),
                                            Nil
                                          )
                                        ),
                                        Cons(
                                          Rule(
                                            expresion_relacional_op,
                                            Cons(
                                              Production(
                                                Nil,
                                                TermHole
                                              ),
                                              Cons(
                                                Production(
                                                  Cons(
                                                    SymbolLiteral(
                                                      "<="
                                                    ),
                                                    Cons(
                                                      SymbolNonterm(
                                                        expresion_aditiva
                                                      ),
                                                      Nil
                                                    )
                                                  ),
                                                  TermNode(
                                                    ExprLe,
                                                    Cons(
                                                      TermHole,
                                                      Cons(
                                                        TermParameter(
                                                          $,
                                                          2
                                                        ),
                                                        Nil
                                                      )
                                                    )
                                                  )
                                                ),
                                                Cons(
                                                  Production(
                                                    Cons(
                                                      SymbolLiteral(
                                                        ">="
                                                      ),
                                                      Cons(
                                                        SymbolNonterm(
                                                          expresion_aditiva
                                                        ),
                                                        Nil
                                                      )
                                                    ),
                                                    TermNode(
                                                      ExprGe,
                                                      Cons(
                                                        TermHole,
                                                        Cons(
                                                          TermParameter(
                                                            $,
                                                            2
                                                          ),
                                                          Nil
                                                        )
                                                      )
                                                    )
                                                  ),
                                                  Cons(
                                                    Production(
                                                      Cons(
                                                        SymbolLiteral(
                                                          "<"
                                                        ),
                                                        Cons(
                                                          SymbolNonterm(
                                                            expresion_aditiva
                                                          ),
                                                          Nil
                                                        )
                                                      ),
                                                      TermNode(
                                                        ExprLt,
                                                        Cons(
                                                          TermHole,
                                                          Cons(
                                                            TermParameter(
                                                              $,
                                                              2
                                                            ),
                                                            Nil
                                                          )
                                                        )
                                                      )
                                                    ),
                                                    Cons(
                                                      Production(
                                                        Cons(
                                                          SymbolLiteral(
                                                            ">"
                                                          ),
                                                          Cons(
                                                            SymbolNonterm(
                                                              expresion_aditiva
                                                            ),
                                                            Nil
                                                          )
                                                        ),
                                                        TermNode(
                                                          ExprGt,
                                                          Cons(
                                                            TermHole,
                                                            Cons(
                                                              TermParameter(
                                                                $,
                                                                2
                                                              ),
                                                              Nil
                                                            )
                                                          )
                                                        )
                                                      ),
                                                      Cons(
                                                        Production(
                                                          Cons(
                                                            SymbolLiteral(
                                                              "=="
                                                            ),
                                                            Cons(
                                                              SymbolNonterm(
                                                                expresion_aditiva
                                                              ),
                                                              Nil
                                                            )
                                                          ),
                                                          TermNode(
                                                            ExprEq,
                                                            Cons(
                                                              TermHole,
                                                              Cons(
                                                                TermParameter(
                                                                  $,
                                                                  2
                                                                ),
                                                                Nil
                                                              )
                                                            )
                                                          )
                                                        ),
                                                        Cons(
                                                          Production(
                                                            Cons(
                                                              SymbolLiteral(
                                                                "!="
                                                              ),
                                                              Cons(
                                                                SymbolNonterm(
                                                                  expresion_aditiva
                                                                ),
                                                                Nil
                                                              )
                                                            ),
                                                            TermNode(
                                                              ExprNe,
                                                              Cons(
                                                                TermHole,
                                                                Cons(
                                                                  TermParameter(
                                                                    $,
                                                                    2
                                                                  ),
                                                                  Nil
                                                                )
                                                              )
                                                            )
                                                          ),
                                                          Nil
                                                        )
                                                      )
                                                    )
                                                  )
                                                )
                                              )
                                            )
                                          ),
                                          Cons(
                                            Rule(
                                              expresion_aditiva,
                                              Cons(
                                                Production(
                                                  Cons(
                                                    SymbolNonterm(
                                                      expresion_multiplicativa
                                                    ),
                                                    Cons(
                                                      SymbolNonterm(
                                                        expresion_aditiva_op
                                                      ),
                                                      Nil
                                                    )
                                                  ),
                                                  TermParameter(
                                                    $,
                                                    2
                                                  )
                                                ),
                                                Nil
                                              )
                                            ),
                                            Cons(
                                              Rule(
                                                expresion_aditiva_op,
                                                Cons(
                                                  Production(
                                                    Nil,
                                                    TermHole
                                                  ),
                                                  Cons(
                                                    Production(
                                                      Cons(
                                                        SymbolLiteral(
                                                          "+"
                                                        ),
                                                        Cons(
                                                          SymbolNonterm(
                                                            expresion_multiplicativa
                                                          ),
                                                          Cons(
                                                            SymbolNonterm(
                                                              expresion_aditiva_op
                                                            ),
                                                            Nil
                                                          )
                                                        )
                                                      ),
                                                      TermParameter(
                                                        $,
                                                        3
                                                      )
                                                    ),
                                                    Cons(
                                                      Production(
                                                        Cons(
                                                          SymbolLiteral(
                                                            "-"
                                                          ),
                                                          Cons(
                                                            SymbolNonterm(
                                                              expresion_multiplicativa
                                                            ),
                                                            Cons(
                                                              SymbolNonterm(
                                                                expresion_aditiva_op
                                                              ),
                                                              Nil
                                                            )
                                                          )
                                                        ),
                                                        TermParameter(
                                                          $,
                                                          3
                                                        )
                                                      ),
                                                      Nil
                                                    )
                                                  )
                                                )
                                              ),
                                              Cons(
                                                Rule(
                                                  expresion_multiplicativa,
                                                  Cons(
                                                    Production(
                                                      Cons(
                                                        SymbolNonterm(
                                                          expresion_atomica
                                                        ),
                                                        Cons(
                                                          SymbolNonterm(
                                                            expresion_multiplicativa_op
                                                          ),
                                                          Nil
                                                        )
                                                      ),
                                                      TermParameter(
                                                        $,
                                                        2
                                                      )
                                                    ),
                                                    Nil
                                                  )
                                                ),
                                                Cons(
                                                  Rule(
                                                    expresion_multiplicativa_op,
                                                    Cons(
                                                      Production(
                                                        Nil,
                                                        TermHole
                                                      ),
                                                      Cons(
                                                        Production(
                                                          Cons(
                                                            SymbolLiteral(
                                                              "*"
                                                            ),
                                                            Cons(
                                                              SymbolNonterm(
                                                                expresion_atomica
                                                              ),
                                                              Cons(
                                                                SymbolNonterm(
                                                                  expresion_multiplicativa_op
                                                                ),
                                                                Nil
                                                              )
                                                            )
                                                          ),
                                                          TermParameter(
                                                            $,
                                                            3
                                                          )
                                                        ),
                                                        Nil
                                                      )
                                                    )
                                                  ),
                                                  Cons(
                                                    Rule(
                                                      expresion_atomica,
                                                      Cons(
                                                        Production(
                                                          Cons(
                                                            SymbolId,
                                                            Cons(
                                                              SymbolNonterm(
                                                                expresion_atomica_ID
                                                              ),
                                                              Nil
                                                            )
                                                          ),
                                                          TermParameter(
                                                            $,
                                                            2
                                                          )
                                                        ),
                                                        Cons(
                                                          Production(
                                                            Cons(
                                                              SymbolNum,
                                                              Nil
                                                            ),
                                                            TermNode(
                                                              ExprConstNum,
                                                              Cons(
                                                                TermParameter(
                                                                  $,
                                                                  1
                                                                ),
                                                                Nil
                                                              )
                                                            )
                                                          ),
                                                          Cons(
                                                            Production(
                                                              Cons(
                                                                SymbolLiteral(
                                                                  "True"
                                                                ),
                                                                Nil
                                                              ),
                                                              TermNode(
                                                                ExprConstBool,
                                                                Cons(
                                                                  TermNode(
                                                                    True,
                                                                    Nil
                                                                  ),
                                                                  Nil
                                                                )
                                                              )
                                                            ),
                                                            Cons(
                                                              Production(
                                                                Cons(
                                                                  SymbolLiteral(
                                                                    "False"
                                                                  ),
                                                                  Nil
                                                                ),
                                                                TermNode(
                                                                  ExprConstBool,
                                                                  Cons(
                                                                    TermNode(
                                                                      False,
                                                                      Nil
                                                                    ),
                                                                    Nil
                                                                  )
                                                                )
                                                              ),
                                                              Cons(
                                                                Production(
                                                                  Cons(
                                                                    SymbolLiteral(
                                                                      "["
                                                                    ),
                                                                    Cons(
                                                                      SymbolNonterm(
                                                                        lista_expresiones
                                                                      ),
                                                                      Cons(
                                                                        SymbolLiteral(
                                                                          "]"
                                                                        ),
                                                                        Nil
                                                                      )
                                                                    )
                                                                  ),
                                                                  TermNode(
                                                                    ExprVecMake,
                                                                    Cons(
                                                                      TermParameter(
                                                                        $,
                                                                        2
                                                                      ),
                                                                      Nil
                                                                    )
                                                                  )
                                                                ),
                                                                Cons(
                                                                  Production(
                                                                    Cons(
                                                                      SymbolLiteral(
                                                                        "#"
                                                                      ),
                                                                      Cons(
                                                                        SymbolId,
                                                                        Nil
                                                                      )
                                                                    ),
                                                                    TermNode(
                                                                      ExprVecLength,
                                                                      Cons(
                                                                        TermParameter(
                                                                          $,
                                                                          2
                                                                        ),
                                                                        Nil
                                                                      )
                                                                    )
                                                                  ),
                                                                  Cons(
                                                                    Production(
                                                                      Cons(
                                                                        SymbolLiteral(
                                                                          "("
                                                                        ),
                                                                        Cons(
                                                                          SymbolNonterm(
                                                                            expresion
                                                                          ),
                                                                          Cons(
                                                                            SymbolLiteral(
                                                                              ")"
                                                                            ),
                                                                            Nil
                                                                          )
                                                                        )
                                                                      ),
                                                                      TermParameter(
                                                                        $,
                                                                        2
                                                                      )
                                                                    ),
                                                                    Nil
                                                                  )
                                                                )
                                                              )
                                                            )
                                                          )
                                                        )
                                                      )
                                                    ),
                                                    Cons(
                                                      Rule(
                                                        expresion_atomica_ID,
                                                        Cons(
                                                          Production(
                                                            Nil,
                                                            TermNode(
                                                              ExprVar,
                                                              Cons(
                                                                TermHole,
                                                                Nil
                                                              )
                                                            )
                                                          ),
                                                          Cons(
                                                            Production(
                                                              Cons(
                                                                SymbolLiteral(
                                                                  "["
                                                                ),
                                                                Cons(
                                                                  SymbolNonterm(
                                                                    expresion
                                                                  ),
                                                                  Cons(
                                                                    SymbolLiteral(
                                                                      "]"
                                                                    ),
                                                                    Nil
                                                                  )
                                                                )
                                                              ),
                                                              TermNode(
                                                                ExprVecDeref,
                                                                Cons(
                                                                  TermHole,
                                                                  Cons(
                                                                    TermParameter(
                                                                      $,
                                                                      2
                                                                    ),
                                                                    Nil
                                                                  )
                                                                )
                                                              )
                                                            ),
                                                            Cons(
                                                              Production(
                                                                Cons(
                                                                  SymbolLiteral(
                                                                    "("
                                                                  ),
                                                                  Cons(
                                                                    SymbolNonterm(
                                                                      lista_expresiones
                                                                    ),
                                                                    Cons(
                                                                      SymbolLiteral(
                                                                        ")"
                                                                      ),
                                                                      Nil
                                                                    )
                                                                  )
                                                                ),
                                                                TermNode(
                                                                  ExprCall,
                                                                  Cons(
                                                                    TermHole,
                                                                    Cons(
                                                                      TermParameter(
                                                                        $,
                                                                        2
                                                                      ),
                                                                      Nil
                                                                    )
                                                                  )
                                                                )
                                                              ),
                                                              Nil
                                                            )
                                                          )
                                                        )
                                                      ),
                                                      Nil
                                                    )
                                                  )
                                                )
                                              )
                                            )
                                          )
                                        )
                                      )
                                    )
                                  )
                                )
                              )
                            )
                          )
                        )
                      )
                    )
                  )
                )
              )
            )
          )
        )
      )
    )
  )
)
