Cons(
  Function(
    main,
    Nil,
    Unit,
    Cons(
      StmtAssign(
        z,
        ExprConstNum(
          0
        )
      ),
      Cons(
        StmtCall(
          putNum,
          Cons(
            ExprAdd(
              ExprMul(
                ExprConstNum(
                  6
                ),
                ExprConstNum(
                  7
                )
              ),
              ExprVar(
                z
              )
            ),
            Nil
          )
        ),
        Cons(
          StmtCall(
            putChar,
            Cons(
              ExprConstNum(
                10
              ),
              Nil
            )
          ),
          Cons(
            StmtAssign(
              z,
              ExprAdd(
                ExprVar(
                  z
                ),
                ExprConstNum(
                  1
                )
              )
            ),
            Cons(
              StmtCall(
                putNum,
                Cons(
                  ExprAdd(
                    ExprMul(
                      ExprConstNum(
                        7
                      ),
                      ExprConstNum(
                        6
                      )
                    ),
                    ExprVar(
                      z
                    )
                  ),
                  Nil
                )
              ),
              Cons(
                StmtCall(
                  putChar,
                  Cons(
                    ExprConstNum(
                      10
                    ),
                    Nil
                  )
                ),
                Cons(
                  StmtAssign(
                    x,
                    ExprConstNum(
                      6
                    )
                  ),
                  Cons(
                    StmtAssign(
                      z,
                      ExprAdd(
                        ExprVar(
                          z
                        ),
                        ExprConstNum(
                          1
                        )
                      )
                    ),
                    Cons(
                      StmtCall(
                        putNum,
                        Cons(
                          ExprAdd(
                            ExprMul(
                              ExprVar(
                                x
                              ),
                              ExprConstNum(
                                7
                              )
                            ),
                            ExprVar(
                              z
                            )
                          ),
                          Nil
                        )
                      ),
                      Cons(
                        StmtCall(
                          putChar,
                          Cons(
                            ExprConstNum(
                              10
                            ),
                            Nil
                          )
                        ),
                        Cons(
                          StmtAssign(
                            z,
                            ExprAdd(
                              ExprVar(
                                z
                              ),
                              ExprConstNum(
                                1
                              )
                            )
                          ),
                          Cons(
                            StmtCall(
                              putNum,
                              Cons(
                                ExprAdd(
                                  ExprMul(
                                    ExprConstNum(
                                      7
                                    ),
                                    ExprVar(
                                      x
                                    )
                                  ),
                                  ExprVar(
                                    z
                                  )
                                ),
                                Nil
                              )
                            ),
                            Cons(
                              StmtCall(
                                putChar,
                                Cons(
                                  ExprConstNum(
                                    10
                                  ),
                                  Nil
                                )
                              ),
                              Cons(
                                StmtAssign(
                                  x,
                                  ExprAdd(
                                    ExprVar(
                                      x
                                    ),
                                    ExprConstNum(
                                      1
                                    )
                                  )
                                ),
                                Cons(
                                  StmtAssign(
                                    z,
                                    ExprAdd(
                                      ExprVar(
                                        z
                                      ),
                                      ExprConstNum(
                                        1
                                      )
                                    )
                                  ),
                                  Cons(
                                    StmtCall(
                                      putNum,
                                      Cons(
                                        ExprAdd(
                                          ExprMul(
                                            ExprVar(
                                              x
                                            ),
                                            ExprConstNum(
                                              6
                                            )
                                          ),
                                          ExprVar(
                                            z
                                          )
                                        ),
                                        Nil
                                      )
                                    ),
                                    Cons(
                                      StmtCall(
                                        putChar,
                                        Cons(
                                          ExprConstNum(
                                            10
                                          ),
                                          Nil
                                        )
                                      ),
                                      Cons(
                                        StmtAssign(
                                          z,
                                          ExprAdd(
                                            ExprVar(
                                              z
                                            ),
                                            ExprConstNum(
                                              1
                                            )
                                          )
                                        ),
                                        Cons(
                                          StmtCall(
                                            putNum,
                                            Cons(
                                              ExprAdd(
                                                ExprMul(
                                                  ExprConstNum(
                                                    6
                                                  ),
                                                  ExprVar(
                                                    x
                                                  )
                                                ),
                                                ExprVar(
                                                  z
                                                )
                                              ),
                                              Nil
                                            )
                                          ),
                                          Cons(
                                            StmtCall(
                                              putChar,
                                              Cons(
                                                ExprConstNum(
                                                  10
                                                ),
                                                Nil
                                              )
                                            ),
                                            Cons(
                                              StmtAssign(
                                                z,
                                                ExprAdd(
                                                  ExprVar(
                                                    z
                                                  ),
                                                  ExprConstNum(
                                                    1
                                                  )
                                                )
                                              ),
                                              Cons(
                                                StmtCall(
                                                  putNum,
                                                  Cons(
                                                    ExprAdd(
                                                      ExprMul(
                                                        ExprVar(
                                                          x
                                                        ),
                                                        ExprSub(
                                                          ExprVar(
                                                            x
                                                          ),
                                                          ExprConstNum(
                                                            1
                                                          )
                                                        )
                                                      ),
                                                      ExprVar(
                                                        z
                                                      )
                                                    ),
                                                    Nil
                                                  )
                                                ),
                                                Cons(
                                                  StmtCall(
                                                    putChar,
                                                    Cons(
                                                      ExprConstNum(
                                                        10
                                                      ),
                                                      Nil
                                                    )
                                                  ),
                                                  Cons(
                                                    StmtAssign(
                                                      z,
                                                      ExprAdd(
                                                        ExprVar(
                                                          z
                                                        ),
                                                        ExprConstNum(
                                                          1
                                                        )
                                                      )
                                                    ),
                                                    Cons(
                                                      StmtCall(
                                                        putNum,
                                                        Cons(
                                                          ExprAdd(
                                                            ExprMul(
                                                              ExprSub(
                                                                ExprVar(
                                                                  x
                                                                ),
                                                                ExprConstNum(
                                                                  1
                                                                )
                                                              ),
                                                              ExprVar(
                                                                x
                                                              )
                                                            ),
                                                            ExprVar(
                                                              z
                                                            )
                                                          ),
                                                          Nil
                                                        )
                                                      ),
                                                      Cons(
                                                        StmtCall(
                                                          putChar,
                                                          Cons(
                                                            ExprConstNum(
                                                              10
                                                            ),
                                                            Nil
                                                          )
                                                        ),
                                                        Cons(
                                                          StmtAssign(
                                                            x,
                                                            ExprSub(
                                                              ExprVar(
                                                                x
                                                              ),
                                                              ExprConstNum(
                                                                1
                                                              )
                                                            )
                                                          ),
                                                          Cons(
                                                            StmtAssign(
                                                              z,
                                                              ExprAdd(
                                                                ExprVar(
                                                                  z
                                                                ),
                                                                ExprConstNum(
                                                                  1
                                                                )
                                                              )
                                                            ),
                                                            Cons(
                                                              StmtCall(
                                                                putNum,
                                                                Cons(
                                                                  ExprAdd(
                                                                    ExprMul(
                                                                      ExprVar(
                                                                        x
                                                                      ),
                                                                      ExprAdd(
                                                                        ExprVar(
                                                                          x
                                                                        ),
                                                                        ExprConstNum(
                                                                          1
                                                                        )
                                                                      )
                                                                    ),
                                                                    ExprVar(
                                                                      z
                                                                    )
                                                                  ),
                                                                  Nil
                                                                )
                                                              ),
                                                              Cons(
                                                                StmtCall(
                                                                  putChar,
                                                                  Cons(
                                                                    ExprConstNum(
                                                                      10
                                                                    ),
                                                                    Nil
                                                                  )
                                                                ),
                                                                Cons(
                                                                  StmtAssign(
                                                                    z,
                                                                    ExprAdd(
                                                                      ExprVar(
                                                                        z
                                                                      ),
                                                                      ExprConstNum(
                                                                        1
                                                                      )
                                                                    )
                                                                  ),
                                                                  Cons(
                                                                    StmtCall(
                                                                      putNum,
                                                                      Cons(
                                                                        ExprAdd(
                                                                          ExprMul(
                                                                            ExprAdd(
                                                                              ExprVar(
                                                                                x
                                                                              ),
                                                                              ExprConstNum(
                                                                                1
                                                                              )
                                                                            ),
                                                                            ExprVar(
                                                                              x
                                                                            )
                                                                          ),
                                                                          ExprVar(
                                                                            z
                                                                          )
                                                                        ),
                                                                        Nil
                                                                      )
                                                                    ),
                                                                    Cons(
                                                                      StmtCall(
                                                                        putChar,
                                                                        Cons(
                                                                          ExprConstNum(
                                                                            10
                                                                          ),
                                                                          Nil
                                                                        )
                                                                      ),
                                                                      Nil
                                                                    )
                                                                  )
                                                                )
                                                              )
                                                            )
                                                          )
                                                        )
                                                      )
                                                    )
                                                  )
                                                )
                                              )
                                            )
                                          )
                                        )
                                      )
                                    )
                                  )
                                )
                              )
                            )
                          )
                        )
                      )
                    )
                  )
                )
              )
            )
          )
        )
      )
    )
  ),
  Nil
)
