Cons(
  Function(
    p,
    Cons(
      Parameter(
        x,
        Bool
      ),
      Nil
    ),
    Unit,
    Cons(
      StmtIf(
        ExprVar(
          x
        ),
        Cons(
          StmtCall(
            putChar,
            Cons(
              ExprConstNum(
                84
              ),
              Nil
            )
          ),
          Cons(
            StmtCall(
              putChar,
              Cons(
                ExprConstNum(
                  114
                ),
                Nil
              )
            ),
            Cons(
              StmtCall(
                putChar,
                Cons(
                  ExprConstNum(
                    117
                  ),
                  Nil
                )
              ),
              Cons(
                StmtCall(
                  putChar,
                  Cons(
                    ExprConstNum(
                      101
                    ),
                    Nil
                  )
                ),
                Nil
              )
            )
          )
        ),
        Just(
          Cons(
            StmtCall(
              putChar,
              Cons(
                ExprConstNum(
                  70
                ),
                Nil
              )
            ),
            Cons(
              StmtCall(
                putChar,
                Cons(
                  ExprConstNum(
                    97
                  ),
                  Nil
                )
              ),
              Cons(
                StmtCall(
                  putChar,
                  Cons(
                    ExprConstNum(
                      108
                    ),
                    Nil
                  )
                ),
                Cons(
                  StmtCall(
                    putChar,
                    Cons(
                      ExprConstNum(
                        115
                      ),
                      Nil
                    )
                  ),
                  Cons(
                    StmtCall(
                      putChar,
                      Cons(
                        ExprConstNum(
                          101
                        ),
                        Nil
                      )
                    ),
                    Nil
                  )
                )
              )
            )
          )
        )
      ),
      Nil
    )
  ),
  Cons(
    Function(
      sep,
      Nil,
      Unit,
      Cons(
        StmtCall(
          putChar,
          Cons(
            ExprConstNum(
              32
            ),
            Nil
          )
        ),
        Cons(
          StmtCall(
            putChar,
            Cons(
              ExprConstNum(
                111
              ),
              Nil
            )
          ),
          Cons(
            StmtCall(
              putChar,
              Cons(
                ExprConstNum(
                  114
                ),
                Nil
              )
            ),
            Cons(
              StmtCall(
                putChar,
                Cons(
                  ExprConstNum(
                    32
                  ),
                  Nil
                )
              ),
              Nil
            )
          )
        )
      )
    ),
    Cons(
      Function(
        eq,
        Nil,
        Unit,
        Cons(
          StmtCall(
            putChar,
            Cons(
              ExprConstNum(
                32
              ),
              Nil
            )
          ),
          Cons(
            StmtCall(
              putChar,
              Cons(
                ExprConstNum(
                  61
                ),
                Nil
              )
            ),
            Cons(
              StmtCall(
                putChar,
                Cons(
                  ExprConstNum(
                    32
                  ),
                  Nil
                )
              ),
              Nil
            )
          )
        )
      ),
      Cons(
        Function(
          enter,
          Nil,
          Unit,
          Cons(
            StmtCall(
              putChar,
              Cons(
                ExprConstNum(
                  10
                ),
                Nil
              )
            ),
            Nil
          )
        ),
        Cons(
          Function(
            fila,
            Cons(
              Parameter(
                x,
                Bool
              ),
              Cons(
                Parameter(
                  y,
                  Bool
                ),
                Cons(
                  Parameter(
                    z,
                    Bool
                  ),
                  Nil
                )
              )
            ),
            Unit,
            Cons(
              StmtAssign(
                r,
                ExprOr(
                  ExprOr(
                    ExprVar(
                      x
                    ),
                    ExprVar(
                      y
                    )
                  ),
                  ExprVar(
                    z
                  )
                )
              ),
              Cons(
                StmtCall(
                  p,
                  Cons(
                    ExprVar(
                      x
                    ),
                    Nil
                  )
                ),
                Cons(
                  StmtCall(
                    sep,
                    Nil
                  ),
                  Cons(
                    StmtCall(
                      p,
                      Cons(
                        ExprVar(
                          y
                        ),
                        Nil
                      )
                    ),
                    Cons(
                      StmtCall(
                        sep,
                        Nil
                      ),
                      Cons(
                        StmtCall(
                          p,
                          Cons(
                            ExprVar(
                              z
                            ),
                            Nil
                          )
                        ),
                        Cons(
                          StmtCall(
                            eq,
                            Nil
                          ),
                          Cons(
                            StmtCall(
                              p,
                              Cons(
                                ExprVar(
                                  r
                                ),
                                Nil
                              )
                            ),
                            Cons(
                              StmtCall(
                                enter,
                                Nil
                              ),
                              Nil
                            )
                          )
                        )
                      )
                    )
                  )
                )
              )
            )
          ),
          Cons(
            Function(
              main,
              Nil,
              Unit,
              Cons(
                StmtCall(
                  fila,
                  Cons(
                    ExprConstBool(
                      False
                    ),
                    Cons(
                      ExprConstBool(
                        False
                      ),
                      Cons(
                        ExprConstBool(
                          False
                        ),
                        Nil
                      )
                    )
                  )
                ),
                Cons(
                  StmtCall(
                    fila,
                    Cons(
                      ExprConstBool(
                        False
                      ),
                      Cons(
                        ExprConstBool(
                          False
                        ),
                        Cons(
                          ExprConstBool(
                            True
                          ),
                          Nil
                        )
                      )
                    )
                  ),
                  Cons(
                    StmtCall(
                      fila,
                      Cons(
                        ExprConstBool(
                          False
                        ),
                        Cons(
                          ExprConstBool(
                            True
                          ),
                          Cons(
                            ExprConstBool(
                              False
                            ),
                            Nil
                          )
                        )
                      )
                    ),
                    Cons(
                      StmtCall(
                        fila,
                        Cons(
                          ExprConstBool(
                            False
                          ),
                          Cons(
                            ExprConstBool(
                              True
                            ),
                            Cons(
                              ExprConstBool(
                                True
                              ),
                              Nil
                            )
                          )
                        )
                      ),
                      Cons(
                        StmtCall(
                          fila,
                          Cons(
                            ExprConstBool(
                              True
                            ),
                            Cons(
                              ExprConstBool(
                                False
                              ),
                              Cons(
                                ExprConstBool(
                                  False
                                ),
                                Nil
                              )
                            )
                          )
                        ),
                        Cons(
                          StmtCall(
                            fila,
                            Cons(
                              ExprConstBool(
                                True
                              ),
                              Cons(
                                ExprConstBool(
                                  False
                                ),
                                Cons(
                                  ExprConstBool(
                                    True
                                  ),
                                  Nil
                                )
                              )
                            )
                          ),
                          Cons(
                            StmtCall(
                              fila,
                              Cons(
                                ExprConstBool(
                                  True
                                ),
                                Cons(
                                  ExprConstBool(
                                    True
                                  ),
                                  Cons(
                                    ExprConstBool(
                                      False
                                    ),
                                    Nil
                                  )
                                )
                              )
                            ),
                            Cons(
                              StmtCall(
                                fila,
                                Cons(
                                  ExprConstBool(
                                    True
                                  ),
                                  Cons(
                                    ExprConstBool(
                                      True
                                    ),
                                    Cons(
                                      ExprConstBool(
                                        True
                                      ),
                                      Nil
                                    )
                                  )
                                )
                              ),
                              Nil
                            )
                          )
                        )
                      )
                    )
                  )
                )
              )
            ),
            Nil
          )
        )
      )
    )
  )
)
