Cons(
  Function(
    f,
    Cons(
      Parameter(
        x,
        Int
      ),
      Cons(
        Parameter(
          y,
          Int
        ),
        Nil
      )
    ),
    Unit,
    Cons(
      StmtCall(
        putNum,
        Cons(
          ExprSub(
            ExprVar(
              x
            ),
            ExprVar(
              y
            )
          ),
          Nil
        )
      ),
      Cons(
        StmtCall(
          putChar,
          Cons(
            ExprConstNum(
              10
            ),
            Nil
          )
        ),
        Nil
      )
    )
  ),
  Cons(
    Function(
      main,
      Nil,
      Unit,
      Cons(
        StmtCall(
          putNum,
          Cons(
            ExprSub(
              ExprConstNum(
                100
              ),
              ExprConstNum(
                58
              )
            ),
            Nil
          )
        ),
        Cons(
          StmtCall(
            putChar,
            Cons(
              ExprConstNum(
                10
              ),
              Nil
            )
          ),
          Cons(
            StmtCall(
              f,
              Cons(
                ExprConstNum(
                  100
                ),
                Cons(
                  ExprConstNum(
                    58
                  ),
                  Nil
                )
              )
            ),
            Cons(
              StmtAssign(
                a,
                ExprConstNum(
                  100
                )
              ),
              Cons(
                StmtAssign(
                  b,
                  ExprConstNum(
                    58
                  )
                ),
                Cons(
                  StmtCall(
                    putNum,
                    Cons(
                      ExprSub(
                        ExprVar(
                          a
                        ),
                        ExprVar(
                          b
                        )
                      ),
                      Nil
                    )
                  ),
                  Cons(
                    StmtCall(
                      putChar,
                      Cons(
                        ExprConstNum(
                          10
                        ),
                        Nil
                      )
                    ),
                    Cons(
                      StmtCall(
                        f,
                        Cons(
                          ExprVar(
                            a
                          ),
                          Cons(
                            ExprVar(
                              b
                            ),
                            Nil
                          )
                        )
                      ),
                      Cons(
                        StmtAssign(
                          a,
                          ExprAdd(
                            ExprVar(
                              a
                            ),
                            ExprConstNum(
                              1
                            )
                          )
                        ),
                        Cons(
                          StmtAssign(
                            b,
                            ExprSub(
                              ExprVar(
                                b
                              ),
                              ExprConstNum(
                                1
                              )
                            )
                          ),
                          Cons(
                            StmtAssign(
                              a,
                              ExprMul(
                                ExprConstNum(
                                  2
                                ),
                                ExprVar(
                                  a
                                )
                              )
                            ),
                            Cons(
                              StmtAssign(
                                b,
                                ExprMul(
                                  ExprConstNum(
                                    2
                                  ),
                                  ExprVar(
                                    b
                                  )
                                )
                              ),
                              Cons(
                                StmtCall(
                                  putNum,
                                  Cons(
                                    ExprSub(
                                      ExprVar(
                                        a
                                      ),
                                      ExprVar(
                                        b
                                      )
                                    ),
                                    Nil
                                  )
                                ),
                                Cons(
                                  StmtCall(
                                    putChar,
                                    Cons(
                                      ExprConstNum(
                                        10
                                      ),
                                      Nil
                                    )
                                  ),
                                  Cons(
                                    StmtCall(
                                      f,
                                      Cons(
                                        ExprVar(
                                          a
                                        ),
                                        Cons(
                                          ExprVar(
                                            b
                                          ),
                                          Nil
                                        )
                                      )
                                    ),
                                    Cons(
                                      StmtAssign(
                                        a,
                                        ExprAdd(
                                          ExprVar(
                                            a
                                          ),
                                          ExprConstNum(
                                            1
                                          )
                                        )
                                      ),
                                      Cons(
                                        StmtAssign(
                                          b,
                                          ExprSub(
                                            ExprVar(
                                              b
                                            ),
                                            ExprConstNum(
                                              1
                                            )
                                          )
                                        ),
                                        Cons(
                                          StmtAssign(
                                            a,
                                            ExprMul(
                                              ExprConstNum(
                                                2
                                              ),
                                              ExprVar(
                                                a
                                              )
                                            )
                                          ),
                                          Cons(
                                            StmtAssign(
                                              b,
                                              ExprMul(
                                                ExprConstNum(
                                                  2
                                                ),
                                                ExprVar(
                                                  b
                                                )
                                              )
                                            ),
                                            Cons(
                                              StmtCall(
                                                putNum,
                                                Cons(
                                                  ExprSub(
                                                    ExprVar(
                                                      a
                                                    ),
                                                    ExprVar(
                                                      b
                                                    )
                                                  ),
                                                  Nil
                                                )
                                              ),
                                              Cons(
                                                StmtCall(
                                                  putChar,
                                                  Cons(
                                                    ExprConstNum(
                                                      10
                                                    ),
                                                    Nil
                                                  )
                                                ),
                                                Cons(
                                                  StmtCall(
                                                    f,
                                                    Cons(
                                                      ExprVar(
                                                        a
                                                      ),
                                                      Cons(
                                                        ExprVar(
                                                          b
                                                        ),
                                                        Nil
                                                      )
                                                    )
                                                  ),
                                                  Cons(
                                                    StmtAssign(
                                                      a,
                                                      ExprAdd(
                                                        ExprVar(
                                                          a
                                                        ),
                                                        ExprConstNum(
                                                          1
                                                        )
                                                      )
                                                    ),
                                                    Cons(
                                                      StmtAssign(
                                                        b,
                                                        ExprSub(
                                                          ExprVar(
                                                            b
                                                          ),
                                                          ExprConstNum(
                                                            1
                                                          )
                                                        )
                                                      ),
                                                      Cons(
                                                        StmtAssign(
                                                          a,
                                                          ExprMul(
                                                            ExprConstNum(
                                                              2
                                                            ),
                                                            ExprVar(
                                                              a
                                                            )
                                                          )
                                                        ),
                                                        Cons(
                                                          StmtAssign(
                                                            b,
                                                            ExprMul(
                                                              ExprConstNum(
                                                                2
                                                              ),
                                                              ExprVar(
                                                                b
                                                              )
                                                            )
                                                          ),
                                                          Cons(
                                                            StmtCall(
                                                              putNum,
                                                              Cons(
                                                                ExprSub(
                                                                  ExprVar(
                                                                    a
                                                                  ),
                                                                  ExprVar(
                                                                    b
                                                                  )
                                                                ),
                                                                Nil
                                                              )
                                                            ),
                                                            Cons(
                                                              StmtCall(
                                                                putChar,
                                                                Cons(
                                                                  ExprConstNum(
                                                                    10
                                                                  ),
                                                                  Nil
                                                                )
                                                              ),
                                                              Cons(
                                                                StmtCall(
                                                                  f,
                                                                  Cons(
                                                                    ExprVar(
                                                                      a
                                                                    ),
                                                                    Cons(
                                                                      ExprVar(
                                                                        b
                                                                      ),
                                                                      Nil
                                                                    )
                                                                  )
                                                                ),
                                                                Cons(
                                                                  StmtAssign(
                                                                    a,
                                                                    ExprAdd(
                                                                      ExprVar(
                                                                        a
                                                                      ),
                                                                      ExprConstNum(
                                                                        1
                                                                      )
                                                                    )
                                                                  ),
                                                                  Cons(
                                                                    StmtAssign(
                                                                      b,
                                                                      ExprSub(
                                                                        ExprVar(
                                                                          b
                                                                        ),
                                                                        ExprConstNum(
                                                                          1
                                                                        )
                                                                      )
                                                                    ),
                                                                    Cons(
                                                                      StmtAssign(
                                                                        a,
                                                                        ExprMul(
                                                                          ExprConstNum(
                                                                            2
                                                                          ),
                                                                          ExprVar(
                                                                            a
                                                                          )
                                                                        )
                                                                      ),
                                                                      Cons(
                                                                        StmtAssign(
                                                                          b,
                                                                          ExprMul(
                                                                            ExprConstNum(
                                                                              2
                                                                            ),
                                                                            ExprVar(
                                                                              b
                                                                            )
                                                                          )
                                                                        ),
                                                                        Cons(
                                                                          StmtCall(
                                                                            putNum,
                                                                            Cons(
                                                                              ExprSub(
                                                                                ExprVar(
                                                                                  a
                                                                                ),
                                                                                ExprVar(
                                                                                  b
                                                                                )
                                                                              ),
                                                                              Nil
                                                                            )
                                                                          ),
                                                                          Cons(
                                                                            StmtCall(
                                                                              putChar,
                                                                              Cons(
                                                                                ExprConstNum(
                                                                                  10
                                                                                ),
                                                                                Nil
                                                                              )
                                                                            ),
                                                                            Cons(
                                                                              StmtCall(
                                                                                f,
                                                                                Cons(
                                                                                  ExprVar(
                                                                                    a
                                                                                  ),
                                                                                  Cons(
                                                                                    ExprVar(
                                                                                      b
                                                                                    ),
                                                                                    Nil
                                                                                  )
                                                                                )
                                                                              ),
                                                                              Cons(
                                                                                StmtAssign(
                                                                                  a,
                                                                                  ExprAdd(
                                                                                    ExprVar(
                                                                                      a
                                                                                    ),
                                                                                    ExprConstNum(
                                                                                      1
                                                                                    )
                                                                                  )
                                                                                ),
                                                                                Cons(
                                                                                  StmtAssign(
                                                                                    b,
                                                                                    ExprSub(
                                                                                      ExprVar(
                                                                                        b
                                                                                      ),
                                                                                      ExprConstNum(
                                                                                        1
                                                                                      )
                                                                                    )
                                                                                  ),
                                                                                  Cons(
                                                                                    StmtAssign(
                                                                                      a,
                                                                                      ExprMul(
                                                                                        ExprConstNum(
                                                                                          2
                                                                                        ),
                                                                                        ExprVar(
                                                                                          a
                                                                                        )
                                                                                      )
                                                                                    ),
                                                                                    Cons(
                                                                                      StmtAssign(
                                                                                        b,
                                                                                        ExprMul(
                                                                                          ExprConstNum(
                                                                                            2
                                                                                          ),
                                                                                          ExprVar(
                                                                                            b
                                                                                          )
                                                                                        )
                                                                                      ),
                                                                                      Cons(
                                                                                        StmtCall(
                                                                                          putNum,
                                                                                          Cons(
                                                                                            ExprSub(
                                                                                              ExprVar(
                                                                                                a
                                                                                              ),
                                                                                              ExprVar(
                                                                                                b
                                                                                              )
                                                                                            ),
                                                                                            Nil
                                                                                          )
                                                                                        ),
                                                                                        Cons(
                                                                                          StmtCall(
                                                                                            putChar,
                                                                                            Cons(
                                                                                              ExprConstNum(
                                                                                                10
                                                                                              ),
                                                                                              Nil
                                                                                            )
                                                                                          ),
                                                                                          Cons(
                                                                                            StmtCall(
                                                                                              f,
                                                                                              Cons(
                                                                                                ExprVar(
                                                                                                  a
                                                                                                ),
                                                                                                Cons(
                                                                                                  ExprVar(
                                                                                                    b
                                                                                                  ),
                                                                                                  Nil
                                                                                                )
                                                                                              )
                                                                                            ),
                                                                                            Cons(
                                                                                              StmtCall(
                                                                                                putNum,
                                                                                                Cons(
                                                                                                  ExprVar(
                                                                                                    a
                                                                                                  ),
                                                                                                  Nil
                                                                                                )
                                                                                              ),
                                                                                              Cons(
                                                                                                StmtCall(
                                                                                                  putChar,
                                                                                                  Cons(
                                                                                                    ExprConstNum(
                                                                                                      10
                                                                                                    ),
                                                                                                    Nil
                                                                                                  )
                                                                                                ),
                                                                                                Cons(
                                                                                                  StmtCall(
                                                                                                    putNum,
                                                                                                    Cons(
                                                                                                      ExprVar(
                                                                                                        b
                                                                                                      ),
                                                                                                      Nil
                                                                                                    )
                                                                                                  ),
                                                                                                  Cons(
                                                                                                    StmtCall(
                                                                                                      putChar,
                                                                                                      Cons(
                                                                                                        ExprConstNum(
                                                                                                          10
                                                                                                        ),
                                                                                                        Nil
                                                                                                      )
                                                                                                    ),
                                                                                                    Nil
                                                                                                  )
                                                                                                )
                                                                                              )
                                                                                            )
                                                                                          )
                                                                                        )
                                                                                      )
                                                                                    )
                                                                                  )
                                                                                )
                                                                              )
                                                                            )
                                                                          )
                                                                        )
                                                                      )
                                                                    )
                                                                  )
                                                                )
                                                              )
                                                            )
                                                          )
                                                        )
                                                      )
                                                    )
                                                  )
                                                )
                                              )
                                            )
                                          )
                                        )
                                      )
                                    )
                                  )
                                )
                              )
                            )
                          )
                        )
                      )
                    )
                  )
                )
              )
            )
          )
        )
      )
    ),
    Nil
  )
)
