Cons(
  Function(
    main,
    Nil,
    Unit,
    Cons(
      StmtAssign(
        v,
        ExprVecMake(
          Cons(
            ExprConstNum(
              1
            ),
            Cons(
              ExprConstNum(
                2
              ),
              Cons(
                ExprConstNum(
                  3
                ),
                Nil
              )
            )
          )
        )
      ),
      Cons(
        StmtCall(
          putNum,
          Cons(
            ExprVecLength(
              v
            ),
            Nil
          )
        ),
        Cons(
          StmtCall(
            putChar,
            Cons(
              ExprConstNum(
                10
              ),
              Nil
            )
          ),
          Nil
        )
      )
    )
  ),
  Nil
)
