Cons(
  Function(
    f,
    Cons(
      Parameter(
        x1,
        Int
      ),
      Cons(
        Parameter(
          y1,
          Int
        ),
        Nil
      )
    ),
    Unit,
    Cons(
      StmtAssign(
        x2,
        ExprSub(
          ExprVar(
            y1
          ),
          ExprConstNum(
            1
          )
        )
      ),
      Cons(
        StmtAssign(
          y2,
          ExprAdd(
            ExprVar(
              x1
            ),
            ExprConstNum(
              1
            )
          )
        ),
        Cons(
          StmtAssign(
            y2,
            ExprAdd(
              ExprVar(
                y2
              ),
              ExprConstNum(
                3
              )
            )
          ),
          Cons(
            StmtAssign(
              x1,
              ExprAdd(
                ExprVar(
                  x1
                ),
                ExprConstNum(
                  1
                )
              )
            ),
            Cons(
              StmtCall(
                putNum,
                Cons(
                  ExprMul(
                    ExprConstNum(
                      6
                    ),
                    ExprConstNum(
                      7
                    )
                  ),
                  Nil
                )
              ),
              Cons(
                StmtCall(
                  putChar,
                  Cons(
                    ExprConstNum(
                      10
                    ),
                    Nil
                  )
                ),
                Cons(
                  StmtAssign(
                    y2,
                    ExprAdd(
                      ExprVar(
                        y2
                      ),
                      ExprConstNum(
                        3
                      )
                    )
                  ),
                  Cons(
                    StmtAssign(
                      x1,
                      ExprAdd(
                        ExprVar(
                          x1
                        ),
                        ExprConstNum(
                          1
                        )
                      )
                    ),
                    Cons(
                      StmtCall(
                        putNum,
                        Cons(
                          ExprMul(
                            ExprVar(
                              x1
                            ),
                            ExprConstNum(
                              7
                            )
                          ),
                          Nil
                        )
                      ),
                      Cons(
                        StmtCall(
                          putChar,
                          Cons(
                            ExprConstNum(
                              10
                            ),
                            Nil
                          )
                        ),
                        Cons(
                          StmtAssign(
                            y2,
                            ExprAdd(
                              ExprVar(
                                y2
                              ),
                              ExprConstNum(
                                3
                              )
                            )
                          ),
                          Cons(
                            StmtAssign(
                              x1,
                              ExprAdd(
                                ExprVar(
                                  x1
                                ),
                                ExprConstNum(
                                  1
                                )
                              )
                            ),
                            Cons(
                              StmtCall(
                                putNum,
                                Cons(
                                  ExprMul(
                                    ExprVar(
                                      x2
                                    ),
                                    ExprConstNum(
                                      7
                                    )
                                  ),
                                  Nil
                                )
                              ),
                              Cons(
                                StmtCall(
                                  putChar,
                                  Cons(
                                    ExprConstNum(
                                      10
                                    ),
                                    Nil
                                  )
                                ),
                                Cons(
                                  StmtAssign(
                                    y2,
                                    ExprAdd(
                                      ExprVar(
                                        y2
                                      ),
                                      ExprConstNum(
                                        3
                                      )
                                    )
                                  ),
                                  Cons(
                                    StmtAssign(
                                      x1,
                                      ExprAdd(
                                        ExprVar(
                                          x1
                                        ),
                                        ExprConstNum(
                                          1
                                        )
                                      )
                                    ),
                                    Cons(
                                      StmtCall(
                                        putNum,
                                        Cons(
                                          ExprMul(
                                            ExprConstNum(
                                              6
                                            ),
                                            ExprVar(
                                              y1
                                            )
                                          ),
                                          Nil
                                        )
                                      ),
                                      Cons(
                                        StmtCall(
                                          putChar,
                                          Cons(
                                            ExprConstNum(
                                              10
                                            ),
                                            Nil
                                          )
                                        ),
                                        Cons(
                                          StmtAssign(
                                            y2,
                                            ExprAdd(
                                              ExprVar(
                                                y2
                                              ),
                                              ExprConstNum(
                                                3
                                              )
                                            )
                                          ),
                                          Cons(
                                            StmtAssign(
                                              x1,
                                              ExprAdd(
                                                ExprVar(
                                                  x1
                                                ),
                                                ExprConstNum(
                                                  1
                                                )
                                              )
                                            ),
                                            Cons(
                                              StmtCall(
                                                putNum,
                                                Cons(
                                                  ExprMul(
                                                    ExprVar(
                                                      x1
                                                    ),
                                                    ExprVar(
                                                      y1
                                                    )
                                                  ),
                                                  Nil
                                                )
                                              ),
                                              Cons(
                                                StmtCall(
                                                  putChar,
                                                  Cons(
                                                    ExprConstNum(
                                                      10
                                                    ),
                                                    Nil
                                                  )
                                                ),
                                                Cons(
                                                  StmtAssign(
                                                    y2,
                                                    ExprAdd(
                                                      ExprVar(
                                                        y2
                                                      ),
                                                      ExprConstNum(
                                                        3
                                                      )
                                                    )
                                                  ),
                                                  Cons(
                                                    StmtAssign(
                                                      x1,
                                                      ExprAdd(
                                                        ExprVar(
                                                          x1
                                                        ),
                                                        ExprConstNum(
                                                          1
                                                        )
                                                      )
                                                    ),
                                                    Cons(
                                                      StmtCall(
                                                        putNum,
                                                        Cons(
                                                          ExprMul(
                                                            ExprVar(
                                                              x2
                                                            ),
                                                            ExprVar(
                                                              y1
                                                            )
                                                          ),
                                                          Nil
                                                        )
                                                      ),
                                                      Cons(
                                                        StmtCall(
                                                          putChar,
                                                          Cons(
                                                            ExprConstNum(
                                                              10
                                                            ),
                                                            Nil
                                                          )
                                                        ),
                                                        Cons(
                                                          StmtAssign(
                                                            y2,
                                                            ExprAdd(
                                                              ExprVar(
                                                                y2
                                                              ),
                                                              ExprConstNum(
                                                                3
                                                              )
                                                            )
                                                          ),
                                                          Cons(
                                                            StmtAssign(
                                                              x1,
                                                              ExprAdd(
                                                                ExprVar(
                                                                  x1
                                                                ),
                                                                ExprConstNum(
                                                                  1
                                                                )
                                                              )
                                                            ),
                                                            Cons(
                                                              StmtAssign(
                                                                y2,
                                                                ExprAdd(
                                                                  ExprVar(
                                                                    y2
                                                                  ),
                                                                  ExprConstNum(
                                                                    3
                                                                  )
                                                                )
                                                              ),
                                                              Cons(
                                                                StmtAssign(
                                                                  x1,
                                                                  ExprAdd(
                                                                    ExprVar(
                                                                      x1
                                                                    ),
                                                                    ExprConstNum(
                                                                      1
                                                                    )
                                                                  )
                                                                ),
                                                                Cons(
                                                                  StmtCall(
                                                                    putNum,
                                                                    Cons(
                                                                      ExprMul(
                                                                        ExprConstNum(
                                                                          6
                                                                        ),
                                                                        ExprVar(
                                                                          y2
                                                                        )
                                                                      ),
                                                                      Nil
                                                                    )
                                                                  ),
                                                                  Cons(
                                                                    StmtCall(
                                                                      putChar,
                                                                      Cons(
                                                                        ExprConstNum(
                                                                          10
                                                                        ),
                                                                        Nil
                                                                      )
                                                                    ),
                                                                    Cons(
                                                                      StmtAssign(
                                                                        y2,
                                                                        ExprAdd(
                                                                          ExprVar(
                                                                            y2
                                                                          ),
                                                                          ExprConstNum(
                                                                            3
                                                                          )
                                                                        )
                                                                      ),
                                                                      Cons(
                                                                        StmtAssign(
                                                                          x1,
                                                                          ExprAdd(
                                                                            ExprVar(
                                                                              x1
                                                                            ),
                                                                            ExprConstNum(
                                                                              1
                                                                            )
                                                                          )
                                                                        ),
                                                                        Cons(
                                                                          StmtCall(
                                                                            putNum,
                                                                            Cons(
                                                                              ExprMul(
                                                                                ExprVar(
                                                                                  x1
                                                                                ),
                                                                                ExprVar(
                                                                                  y2
                                                                                )
                                                                              ),
                                                                              Nil
                                                                            )
                                                                          ),
                                                                          Cons(
                                                                            StmtCall(
                                                                              putChar,
                                                                              Cons(
                                                                                ExprConstNum(
                                                                                  10
                                                                                ),
                                                                                Nil
                                                                              )
                                                                            ),
                                                                            Cons(
                                                                              StmtAssign(
                                                                                y2,
                                                                                ExprAdd(
                                                                                  ExprVar(
                                                                                    y2
                                                                                  ),
                                                                                  ExprConstNum(
                                                                                    3
                                                                                  )
                                                                                )
                                                                              ),
                                                                              Cons(
                                                                                StmtAssign(
                                                                                  x1,
                                                                                  ExprAdd(
                                                                                    ExprVar(
                                                                                      x1
                                                                                    ),
                                                                                    ExprConstNum(
                                                                                      1
                                                                                    )
                                                                                  )
                                                                                ),
                                                                                Cons(
                                                                                  StmtCall(
                                                                                    putNum,
                                                                                    Cons(
                                                                                      ExprMul(
                                                                                        ExprVar(
                                                                                          x2
                                                                                        ),
                                                                                        ExprVar(
                                                                                          y2
                                                                                        )
                                                                                      ),
                                                                                      Nil
                                                                                    )
                                                                                  ),
                                                                                  Cons(
                                                                                    StmtCall(
                                                                                      putChar,
                                                                                      Cons(
                                                                                        ExprConstNum(
                                                                                          10
                                                                                        ),
                                                                                        Nil
                                                                                      )
                                                                                    ),
                                                                                    Cons(
                                                                                      StmtAssign(
                                                                                        y2,
                                                                                        ExprAdd(
                                                                                          ExprVar(
                                                                                            y2
                                                                                          ),
                                                                                          ExprConstNum(
                                                                                            3
                                                                                          )
                                                                                        )
                                                                                      ),
                                                                                      Cons(
                                                                                        StmtAssign(
                                                                                          x1,
                                                                                          ExprAdd(
                                                                                            ExprVar(
                                                                                              x1
                                                                                            ),
                                                                                            ExprConstNum(
                                                                                              1
                                                                                            )
                                                                                          )
                                                                                        ),
                                                                                        Cons(
                                                                                          StmtAssign(
                                                                                            y2,
                                                                                            ExprAdd(
                                                                                              ExprVar(
                                                                                                y2
                                                                                              ),
                                                                                              ExprConstNum(
                                                                                                3
                                                                                              )
                                                                                            )
                                                                                          ),
                                                                                          Cons(
                                                                                            StmtAssign(
                                                                                              x1,
                                                                                              ExprAdd(
                                                                                                ExprVar(
                                                                                                  x1
                                                                                                ),
                                                                                                ExprConstNum(
                                                                                                  1
                                                                                                )
                                                                                              )
                                                                                            ),
                                                                                            Cons(
                                                                                              StmtCall(
                                                                                                putNum,
                                                                                                Cons(
                                                                                                  ExprMul(
                                                                                                    ExprConstNum(
                                                                                                      6
                                                                                                    ),
                                                                                                    ExprVar(
                                                                                                      y2
                                                                                                    )
                                                                                                  ),
                                                                                                  Nil
                                                                                                )
                                                                                              ),
                                                                                              Cons(
                                                                                                StmtCall(
                                                                                                  putChar,
                                                                                                  Cons(
                                                                                                    ExprConstNum(
                                                                                                      10
                                                                                                    ),
                                                                                                    Nil
                                                                                                  )
                                                                                                ),
                                                                                                Cons(
                                                                                                  StmtAssign(
                                                                                                    y2,
                                                                                                    ExprAdd(
                                                                                                      ExprVar(
                                                                                                        y2
                                                                                                      ),
                                                                                                      ExprConstNum(
                                                                                                        3
                                                                                                      )
                                                                                                    )
                                                                                                  ),
                                                                                                  Cons(
                                                                                                    StmtAssign(
                                                                                                      x1,
                                                                                                      ExprAdd(
                                                                                                        ExprVar(
                                                                                                          x1
                                                                                                        ),
                                                                                                        ExprConstNum(
                                                                                                          1
                                                                                                        )
                                                                                                      )
                                                                                                    ),
                                                                                                    Cons(
                                                                                                      StmtCall(
                                                                                                        putNum,
                                                                                                        Cons(
                                                                                                          ExprMul(
                                                                                                            ExprVar(
                                                                                                              x1
                                                                                                            ),
                                                                                                            ExprVar(
                                                                                                              y2
                                                                                                            )
                                                                                                          ),
                                                                                                          Nil
                                                                                                        )
                                                                                                      ),
                                                                                                      Cons(
                                                                                                        StmtCall(
                                                                                                          putChar,
                                                                                                          Cons(
                                                                                                            ExprConstNum(
                                                                                                              10
                                                                                                            ),
                                                                                                            Nil
                                                                                                          )
                                                                                                        ),
                                                                                                        Cons(
                                                                                                          StmtAssign(
                                                                                                            y2,
                                                                                                            ExprAdd(
                                                                                                              ExprVar(
                                                                                                                y2
                                                                                                              ),
                                                                                                              ExprConstNum(
                                                                                                                3
                                                                                                              )
                                                                                                            )
                                                                                                          ),
                                                                                                          Cons(
                                                                                                            StmtAssign(
                                                                                                              x1,
                                                                                                              ExprAdd(
                                                                                                                ExprVar(
                                                                                                                  x1
                                                                                                                ),
                                                                                                                ExprConstNum(
                                                                                                                  1
                                                                                                                )
                                                                                                              )
                                                                                                            ),
                                                                                                            Cons(
                                                                                                              StmtCall(
                                                                                                                putNum,
                                                                                                                Cons(
                                                                                                                  ExprMul(
                                                                                                                    ExprVar(
                                                                                                                      x2
                                                                                                                    ),
                                                                                                                    ExprVar(
                                                                                                                      y2
                                                                                                                    )
                                                                                                                  ),
                                                                                                                  Nil
                                                                                                                )
                                                                                                              ),
                                                                                                              Cons(
                                                                                                                StmtCall(
                                                                                                                  putChar,
                                                                                                                  Cons(
                                                                                                                    ExprConstNum(
                                                                                                                      10
                                                                                                                    ),
                                                                                                                    Nil
                                                                                                                  )
                                                                                                                ),
                                                                                                                Nil
                                                                                                              )
                                                                                                            )
                                                                                                          )
                                                                                                        )
                                                                                                      )
                                                                                                    )
                                                                                                  )
                                                                                                )
                                                                                              )
                                                                                            )
                                                                                          )
                                                                                        )
                                                                                      )
                                                                                    )
                                                                                  )
                                                                                )
                                                                              )
                                                                            )
                                                                          )
                                                                        )
                                                                      )
                                                                    )
                                                                  )
                                                                )
                                                              )
                                                            )
                                                          )
                                                        )
                                                      )
                                                    )
                                                  )
                                                )
                                              )
                                            )
                                          )
                                        )
                                      )
                                    )
                                  )
                                )
                              )
                            )
                          )
                        )
                      )
                    )
                  )
                )
              )
            )
          )
        )
      )
    )
  ),
  Cons(
    Function(
      main,
      Nil,
      Unit,
      Cons(
        StmtAssign(
          a,
          ExprConstNum(
            6
          )
        ),
        Cons(
          StmtAssign(
            b,
            ExprAdd(
              ExprVar(
                a
              ),
              ExprConstNum(
                1
              )
            )
          ),
          Cons(
            StmtCall(
              f,
              Cons(
                ExprVar(
                  a
                ),
                Cons(
                  ExprVar(
                    b
                  ),
                  Nil
                )
              )
            ),
            Nil
          )
        )
      )
    ),
    Nil
  )
)
