Cons(
  Function(
    printVector,
    Cons(
      Parameter(
        v,
        Vec
      ),
      Nil
    ),
    Unit,
    Cons(
      StmtAssign(
        i,
        ExprConstNum(
          0
        )
      ),
      Cons(
        StmtCall(
          putChar,
          Cons(
            ExprConstNum(
              91
            ),
            Nil
          )
        ),
        Cons(
          StmtWhile(
            ExprLt(
              ExprVar(
                i
              ),
              ExprVecLength(
                v
              )
            ),
            Cons(
              StmtCall(
                putNum,
                Cons(
                  ExprVecDeref(
                    v,
                    ExprVar(
                      i
                    )
                  ),
                  Nil
                )
              ),
              Cons(
                StmtAssign(
                  i,
                  ExprAdd(
                    ExprVar(
                      i
                    ),
                    ExprConstNum(
                      1
                    )
                  )
                ),
                Cons(
                  StmtIf(
                    ExprLt(
                      ExprVar(
                        i
                      ),
                      ExprVecLength(
                        v
                      )
                    ),
                    Cons(
                      StmtCall(
                        putChar,
                        Cons(
                          ExprConstNum(
                            44
                          ),
                          Nil
                        )
                      ),
                      Cons(
                        StmtCall(
                          putChar,
                          Cons(
                            ExprConstNum(
                              32
                            ),
                            Nil
                          )
                        ),
                        Nil
                      )
                    ),
                    Nothing
                  ),
                  Nil
                )
              )
            )
          ),
          Cons(
            StmtCall(
              putChar,
              Cons(
                ExprConstNum(
                  93
                ),
                Nil
              )
            ),
            Cons(
              StmtCall(
                putChar,
                Cons(
                  ExprConstNum(
                    10
                  ),
                  Nil
                )
              ),
              Nil
            )
          )
        )
      )
    )
  ),
  Cons(
    Function(
      main,
      Nil,
      Unit,
      Cons(
        StmtAssign(
          v,
          ExprVecMake(
            Cons(
              ExprConstNum(
                1
              ),
              Cons(
                ExprConstNum(
                  2
                ),
                Cons(
                  ExprConstNum(
                    3
                  ),
                  Nil
                )
              )
            )
          )
        ),
        Cons(
          StmtCall(
            printVector,
            Cons(
              ExprVar(
                v
              ),
              Nil
            )
          ),
          Cons(
            StmtAssign(
              v,
              ExprVecMake(
                Cons(
                  ExprConstNum(
                    10
                  ),
                  Cons(
                    ExprConstNum(
                      20
                    ),
                    Cons(
                      ExprConstNum(
                        30
                      ),
                      Nil
                    )
                  )
                )
              )
            ),
            Cons(
              StmtCall(
                printVector,
                Cons(
                  ExprVar(
                    v
                  ),
                  Nil
                )
              ),
              Cons(
                StmtCall(
                  printVector,
                  Cons(
                    ExprVecMake(
                      Cons(
                        ExprConstNum(
                          11
                        ),
                        Cons(
                          ExprConstNum(
                            22
                          ),
                          Cons(
                            ExprConstNum(
                              33
                            ),
                            Cons(
                              ExprConstNum(
                                44
                              ),
                              Cons(
                                ExprConstNum(
                                  55
                                ),
                                Cons(
                                  ExprConstNum(
                                    66
                                  ),
                                  Cons(
                                    ExprConstNum(
                                      77
                                    ),
                                    Cons(
                                      ExprConstNum(
                                        88
                                      ),
                                      Cons(
                                        ExprConstNum(
                                          99
                                        ),
                                        Nil
                                      )
                                    )
                                  )
                                )
                              )
                            )
                          )
                        )
                      )
                    ),
                    Nil
                  )
                ),
                Nil
              )
            )
          )
        )
      )
    ),
    Nil
  )
)
