Cons(
  Function(
    factorial,
    Cons(
      Parameter(
        n,
        Int
      ),
      Nil
    ),
    Int,
    Cons(
      StmtIf(
        ExprEq(
          ExprVar(
            n
          ),
          ExprConstNum(
            0
          )
        ),
        Cons(
          StmtAssign(
            res,
            ExprConstNum(
              1
            )
          ),
          Nil
        ),
        Just(
          Cons(
            StmtAssign(
              res,
              ExprMul(
                ExprVar(
                  n
                ),
                ExprCall(
                  factorial,
                  Cons(
                    ExprSub(
                      ExprVar(
                        n
                      ),
                      ExprConstNum(
                        1
                      )
                    ),
                    Nil
                  )
                )
              )
            ),
            Nil
          )
        )
      ),
      Cons(
        StmtReturn(
          ExprVar(
            res
          )
        ),
        Nil
      )
    )
  ),
  Cons(
    Function(
      main,
      Nil,
      Unit,
      Cons(
        StmtCall(
          putNum,
          Cons(
            ExprCall(
              factorial,
              Cons(
                ExprConstNum(
                  1
                ),
                Nil
              )
            ),
            Nil
          )
        ),
        Cons(
          StmtCall(
            putChar,
            Cons(
              ExprConstNum(
                10
              ),
              Nil
            )
          ),
          Cons(
            StmtCall(
              putNum,
              Cons(
                ExprCall(
                  factorial,
                  Cons(
                    ExprConstNum(
                      2
                    ),
                    Nil
                  )
                ),
                Nil
              )
            ),
            Cons(
              StmtCall(
                putChar,
                Cons(
                  ExprConstNum(
                    10
                  ),
                  Nil
                )
              ),
              Cons(
                StmtCall(
                  putNum,
                  Cons(
                    ExprCall(
                      factorial,
                      Cons(
                        ExprConstNum(
                          3
                        ),
                        Nil
                      )
                    ),
                    Nil
                  )
                ),
                Cons(
                  StmtCall(
                    putChar,
                    Cons(
                      ExprConstNum(
                        10
                      ),
                      Nil
                    )
                  ),
                  Cons(
                    StmtCall(
                      putNum,
                      Cons(
                        ExprCall(
                          factorial,
                          Cons(
                            ExprConstNum(
                              4
                            ),
                            Nil
                          )
                        ),
                        Nil
                      )
                    ),
                    Cons(
                      StmtCall(
                        putChar,
                        Cons(
                          ExprConstNum(
                            10
                          ),
                          Nil
                        )
                      ),
                      Cons(
                        StmtCall(
                          putNum,
                          Cons(
                            ExprCall(
                              factorial,
                              Cons(
                                ExprConstNum(
                                  5
                                ),
                                Nil
                              )
                            ),
                            Nil
                          )
                        ),
                        Cons(
                          StmtCall(
                            putChar,
                            Cons(
                              ExprConstNum(
                                10
                              ),
                              Nil
                            )
                          ),
                          Cons(
                            StmtCall(
                              putNum,
                              Cons(
                                ExprCall(
                                  factorial,
                                  Cons(
                                    ExprConstNum(
                                      6
                                    ),
                                    Nil
                                  )
                                ),
                                Nil
                              )
                            ),
                            Cons(
                              StmtCall(
                                putChar,
                                Cons(
                                  ExprConstNum(
                                    10
                                  ),
                                  Nil
                                )
                              ),
                              Cons(
                                StmtCall(
                                  putNum,
                                  Cons(
                                    ExprCall(
                                      factorial,
                                      Cons(
                                        ExprConstNum(
                                          7
                                        ),
                                        Nil
                                      )
                                    ),
                                    Nil
                                  )
                                ),
                                Cons(
                                  StmtCall(
                                    putChar,
                                    Cons(
                                      ExprConstNum(
                                        10
                                      ),
                                      Nil
                                    )
                                  ),
                                  Cons(
                                    StmtCall(
                                      putNum,
                                      Cons(
                                        ExprCall(
                                          factorial,
                                          Cons(
                                            ExprConstNum(
                                              8
                                            ),
                                            Nil
                                          )
                                        ),
                                        Nil
                                      )
                                    ),
                                    Cons(
                                      StmtCall(
                                        putChar,
                                        Cons(
                                          ExprConstNum(
                                            10
                                          ),
                                          Nil
                                        )
                                      ),
                                      Cons(
                                        StmtCall(
                                          putNum,
                                          Cons(
                                            ExprCall(
                                              factorial,
                                              Cons(
                                                ExprConstNum(
                                                  9
                                                ),
                                                Nil
                                              )
                                            ),
                                            Nil
                                          )
                                        ),
                                        Cons(
                                          StmtCall(
                                            putChar,
                                            Cons(
                                              ExprConstNum(
                                                10
                                              ),
                                              Nil
                                            )
                                          ),
                                          Cons(
                                            StmtCall(
                                              putNum,
                                              Cons(
                                                ExprCall(
                                                  factorial,
                                                  Cons(
                                                    ExprConstNum(
                                                      10
                                                    ),
                                                    Nil
                                                  )
                                                ),
                                                Nil
                                              )
                                            ),
                                            Cons(
                                              StmtCall(
                                                putChar,
                                                Cons(
                                                  ExprConstNum(
                                                    10
                                                  ),
                                                  Nil
                                                )
                                              ),
                                              Nil
                                            )
                                          )
                                        )
                                      )
                                    )
                                  )
                                )
                              )
                            )
                          )
                        )
                      )
                    )
                  )
                )
              )
            )
          )
        )
      )
    ),
    Nil
  )
)
