Cons(
  Function(
    f,
    Cons(
      Parameter(
        a,
        Int
      ),
      Nil
    ),
    Unit,
    Cons(
      StmtAssign(
        a,
        ExprAdd(
          ExprVar(
            a
          ),
          ExprConstNum(
            1
          )
        )
      ),
      Cons(
        StmtCall(
          putNum,
          Cons(
            ExprAdd(
              ExprVar(
                a
              ),
              ExprAdd(
                ExprVar(
                  a
                ),
                ExprAdd(
                  ExprVar(
                    a
                  ),
                  ExprAdd(
                    ExprVar(
                      a
                    ),
                    ExprAdd(
                      ExprVar(
                        a
                      ),
                      ExprAdd(
                        ExprVar(
                          a
                        ),
                        ExprAdd(
                          ExprVar(
                            a
                          ),
                          ExprAdd(
                            ExprVar(
                              a
                            ),
                            ExprAdd(
                              ExprVar(
                                a
                              ),
                              ExprAdd(
                                ExprVar(
                                  a
                                ),
                                ExprAdd(
                                  ExprVar(
                                    a
                                  ),
                                  ExprAdd(
                                    ExprVar(
                                      a
                                    ),
                                    ExprAdd(
                                      ExprVar(
                                        a
                                      ),
                                      ExprAdd(
                                        ExprVar(
                                          a
                                        ),
                                        ExprAdd(
                                          ExprVar(
                                            a
                                          ),
                                          ExprAdd(
                                            ExprVar(
                                              a
                                            ),
                                            ExprAdd(
                                              ExprVar(
                                                a
                                              ),
                                              ExprAdd(
                                                ExprVar(
                                                  a
                                                ),
                                                ExprAdd(
                                                  ExprVar(
                                                    a
                                                  ),
                                                  ExprAdd(
                                                    ExprVar(
                                                      a
                                                    ),
                                                    ExprAdd(
                                                      ExprVar(
                                                        a
                                                      ),
                                                      ExprAdd(
                                                        ExprVar(
                                                          a
                                                        ),
                                                        ExprAdd(
                                                          ExprVar(
                                                            a
                                                          ),
                                                          ExprAdd(
                                                            ExprVar(
                                                              a
                                                            ),
                                                            ExprAdd(
                                                              ExprVar(
                                                                a
                                                              ),
                                                              ExprAdd(
                                                                ExprVar(
                                                                  a
                                                                ),
                                                                ExprAdd(
                                                                  ExprVar(
                                                                    a
                                                                  ),
                                                                  ExprAdd(
                                                                    ExprVar(
                                                                      a
                                                                    ),
                                                                    ExprAdd(
                                                                      ExprVar(
                                                                        a
                                                                      ),
                                                                      ExprAdd(
                                                                        ExprVar(
                                                                          a
                                                                        ),
                                                                        ExprAdd(
                                                                          ExprVar(
                                                                            a
                                                                          ),
                                                                          ExprAdd(
                                                                            ExprVar(
                                                                              a
                                                                            ),
                                                                            ExprAdd(
                                                                              ExprVar(
                                                                                a
                                                                              ),
                                                                              ExprAdd(
                                                                                ExprVar(
                                                                                  a
                                                                                ),
                                                                                ExprAdd(
                                                                                  ExprVar(
                                                                                    a
                                                                                  ),
                                                                                  ExprAdd(
                                                                                    ExprVar(
                                                                                      a
                                                                                    ),
                                                                                    ExprAdd(
                                                                                      ExprVar(
                                                                                        a
                                                                                      ),
                                                                                      ExprAdd(
                                                                                        ExprVar(
                                                                                          a
                                                                                        ),
                                                                                        ExprAdd(
                                                                                          ExprVar(
                                                                                            a
                                                                                          ),
                                                                                          ExprAdd(
                                                                                            ExprVar(
                                                                                              a
                                                                                            ),
                                                                                            ExprAdd(
                                                                                              ExprVar(
                                                                                                a
                                                                                              ),
                                                                                              ExprVar(
                                                                                                a
                                                                                              )
                                                                                            )
                                                                                          )
                                                                                        )
                                                                                      )
                                                                                    )
                                                                                  )
                                                                                )
                                                                              )
                                                                            )
                                                                          )
                                                                        )
                                                                      )
                                                                    )
                                                                  )
                                                                )
                                                              )
                                                            )
                                                          )
                                                        )
                                                      )
                                                    )
                                                  )
                                                )
                                              )
                                            )
                                          )
                                        )
                                      )
                                    )
                                  )
                                )
                              )
                            )
                          )
                        )
                      )
                    )
                  )
                )
              )
            ),
            Nil
          )
        ),
        Cons(
          StmtCall(
            putChar,
            Cons(
              ExprConstNum(
                10
              ),
              Nil
            )
          ),
          Nil
        )
      )
    )
  ),
  Cons(
    Function(
      main,
      Nil,
      Unit,
      Cons(
        StmtCall(
          f,
          Cons(
            ExprConstNum(
              0
            ),
            Nil
          )
        ),
        Cons(
          StmtCall(
            f,
            Cons(
              ExprConstNum(
                1
              ),
              Nil
            )
          ),
          Cons(
            StmtCall(
              f,
              Cons(
                ExprConstNum(
                  2
                ),
                Nil
              )
            ),
            Cons(
              StmtCall(
                f,
                Cons(
                  ExprConstNum(
                    4
                  ),
                  Nil
                )
              ),
              Nil
            )
          )
        )
      )
    ),
    Nil
  )
)
