Cons(
  Function(
    pi,
    Cons(
      Parameter(
        x,
        Int
      ),
      Nil
    ),
    Unit,
    Cons(
      StmtCall(
        putNum,
        Cons(
          ExprVar(
            x
          ),
          Nil
        )
      ),
      Nil
    )
  ),
  Cons(
    Function(
      pb,
      Cons(
        Parameter(
          x,
          Bool
        ),
        Nil
      ),
      Unit,
      Cons(
        StmtIf(
          ExprVar(
            x
          ),
          Cons(
            StmtCall(
              putChar,
              Cons(
                ExprConstNum(
                  84
                ),
                Nil
              )
            ),
            Cons(
              StmtCall(
                putChar,
                Cons(
                  ExprConstNum(
                    114
                  ),
                  Nil
                )
              ),
              Cons(
                StmtCall(
                  putChar,
                  Cons(
                    ExprConstNum(
                      117
                    ),
                    Nil
                  )
                ),
                Cons(
                  StmtCall(
                    putChar,
                    Cons(
                      ExprConstNum(
                        101
                      ),
                      Nil
                    )
                  ),
                  Nil
                )
              )
            )
          ),
          Just(
            Cons(
              StmtCall(
                putChar,
                Cons(
                  ExprConstNum(
                    70
                  ),
                  Nil
                )
              ),
              Cons(
                StmtCall(
                  putChar,
                  Cons(
                    ExprConstNum(
                      97
                    ),
                    Nil
                  )
                ),
                Cons(
                  StmtCall(
                    putChar,
                    Cons(
                      ExprConstNum(
                        108
                      ),
                      Nil
                    )
                  ),
                  Cons(
                    StmtCall(
                      putChar,
                      Cons(
                        ExprConstNum(
                          115
                        ),
                        Nil
                      )
                    ),
                    Cons(
                      StmtCall(
                        putChar,
                        Cons(
                          ExprConstNum(
                            101
                          ),
                          Nil
                        )
                      ),
                      Nil
                    )
                  )
                )
              )
            )
          )
        ),
        Nil
      )
    ),
    Cons(
      Function(
        sep,
        Cons(
          Parameter(
            op,
            Int
          ),
          Nil
        ),
        Unit,
        Cons(
          StmtCall(
            putChar,
            Cons(
              ExprConstNum(
                32
              ),
              Nil
            )
          ),
          Cons(
            StmtIf(
              ExprEq(
                ExprVar(
                  op
                ),
                ExprConstNum(
                  1
                )
              ),
              Cons(
                StmtCall(
                  putChar,
                  Cons(
                    ExprConstNum(
                      61
                    ),
                    Nil
                  )
                ),
                Cons(
                  StmtCall(
                    putChar,
                    Cons(
                      ExprConstNum(
                        61
                      ),
                      Nil
                    )
                  ),
                  Nil
                )
              ),
              Nothing
            ),
            Cons(
              StmtIf(
                ExprEq(
                  ExprVar(
                    op
                  ),
                  ExprConstNum(
                    2
                  )
                ),
                Cons(
                  StmtCall(
                    putChar,
                    Cons(
                      ExprConstNum(
                        60
                      ),
                      Nil
                    )
                  ),
                  Cons(
                    StmtCall(
                      putChar,
                      Cons(
                        ExprConstNum(
                          61
                        ),
                        Nil
                      )
                    ),
                    Nil
                  )
                ),
                Nothing
              ),
              Cons(
                StmtIf(
                  ExprEq(
                    ExprVar(
                      op
                    ),
                    ExprConstNum(
                      3
                    )
                  ),
                  Cons(
                    StmtCall(
                      putChar,
                      Cons(
                        ExprConstNum(
                          62
                        ),
                        Nil
                      )
                    ),
                    Cons(
                      StmtCall(
                        putChar,
                        Cons(
                          ExprConstNum(
                            61
                          ),
                          Nil
                        )
                      ),
                      Nil
                    )
                  ),
                  Nothing
                ),
                Cons(
                  StmtIf(
                    ExprEq(
                      ExprVar(
                        op
                      ),
                      ExprConstNum(
                        4
                      )
                    ),
                    Cons(
                      StmtCall(
                        putChar,
                        Cons(
                          ExprConstNum(
                            60
                          ),
                          Nil
                        )
                      ),
                      Nil
                    ),
                    Nothing
                  ),
                  Cons(
                    StmtIf(
                      ExprEq(
                        ExprVar(
                          op
                        ),
                        ExprConstNum(
                          5
                        )
                      ),
                      Cons(
                        StmtCall(
                          putChar,
                          Cons(
                            ExprConstNum(
                              62
                            ),
                            Nil
                          )
                        ),
                        Nil
                      ),
                      Nothing
                    ),
                    Cons(
                      StmtIf(
                        ExprEq(
                          ExprVar(
                            op
                          ),
                          ExprConstNum(
                            6
                          )
                        ),
                        Cons(
                          StmtCall(
                            putChar,
                            Cons(
                              ExprConstNum(
                                33
                              ),
                              Nil
                            )
                          ),
                          Cons(
                            StmtCall(
                              putChar,
                              Cons(
                                ExprConstNum(
                                  61
                                ),
                                Nil
                              )
                            ),
                            Nil
                          )
                        ),
                        Nothing
                      ),
                      Cons(
                        StmtCall(
                          putChar,
                          Cons(
                            ExprConstNum(
                              32
                            ),
                            Nil
                          )
                        ),
                        Nil
                      )
                    )
                  )
                )
              )
            )
          )
        )
      ),
      Cons(
        Function(
          eq,
          Nil,
          Unit,
          Cons(
            StmtCall(
              putChar,
              Cons(
                ExprConstNum(
                  32
                ),
                Nil
              )
            ),
            Cons(
              StmtCall(
                putChar,
                Cons(
                  ExprConstNum(
                    61
                  ),
                  Nil
                )
              ),
              Cons(
                StmtCall(
                  putChar,
                  Cons(
                    ExprConstNum(
                      32
                    ),
                    Nil
                  )
                ),
                Nil
              )
            )
          )
        ),
        Cons(
          Function(
            enter,
            Nil,
            Unit,
            Cons(
              StmtCall(
                putChar,
                Cons(
                  ExprConstNum(
                    10
                  ),
                  Nil
                )
              ),
              Nil
            )
          ),
          Cons(
            Function(
              fila,
              Cons(
                Parameter(
                  x,
                  Int
                ),
                Cons(
                  Parameter(
                    op,
                    Int
                  ),
                  Cons(
                    Parameter(
                      y,
                      Int
                    ),
                    Nil
                  )
                )
              ),
              Unit,
              Cons(
                StmtIf(
                  ExprEq(
                    ExprVar(
                      op
                    ),
                    ExprConstNum(
                      1
                    )
                  ),
                  Cons(
                    StmtAssign(
                      r,
                      ExprEq(
                        ExprVar(
                          x
                        ),
                        ExprVar(
                          y
                        )
                      )
                    ),
                    Nil
                  ),
                  Nothing
                ),
                Cons(
                  StmtIf(
                    ExprEq(
                      ExprVar(
                        op
                      ),
                      ExprConstNum(
                        2
                      )
                    ),
                    Cons(
                      StmtAssign(
                        r,
                        ExprLe(
                          ExprVar(
                            x
                          ),
                          ExprVar(
                            y
                          )
                        )
                      ),
                      Nil
                    ),
                    Nothing
                  ),
                  Cons(
                    StmtIf(
                      ExprEq(
                        ExprVar(
                          op
                        ),
                        ExprConstNum(
                          3
                        )
                      ),
                      Cons(
                        StmtAssign(
                          r,
                          ExprGe(
                            ExprVar(
                              x
                            ),
                            ExprVar(
                              y
                            )
                          )
                        ),
                        Nil
                      ),
                      Nothing
                    ),
                    Cons(
                      StmtIf(
                        ExprEq(
                          ExprVar(
                            op
                          ),
                          ExprConstNum(
                            4
                          )
                        ),
                        Cons(
                          StmtAssign(
                            r,
                            ExprLt(
                              ExprVar(
                                x
                              ),
                              ExprVar(
                                y
                              )
                            )
                          ),
                          Nil
                        ),
                        Nothing
                      ),
                      Cons(
                        StmtIf(
                          ExprEq(
                            ExprVar(
                              op
                            ),
                            ExprConstNum(
                              5
                            )
                          ),
                          Cons(
                            StmtAssign(
                              r,
                              ExprGt(
                                ExprVar(
                                  x
                                ),
                                ExprVar(
                                  y
                                )
                              )
                            ),
                            Nil
                          ),
                          Nothing
                        ),
                        Cons(
                          StmtIf(
                            ExprEq(
                              ExprVar(
                                op
                              ),
                              ExprConstNum(
                                6
                              )
                            ),
                            Cons(
                              StmtAssign(
                                r,
                                ExprNe(
                                  ExprVar(
                                    x
                                  ),
                                  ExprVar(
                                    y
                                  )
                                )
                              ),
                              Nil
                            ),
                            Nothing
                          ),
                          Cons(
                            StmtCall(
                              pi,
                              Cons(
                                ExprVar(
                                  x
                                ),
                                Nil
                              )
                            ),
                            Cons(
                              StmtCall(
                                sep,
                                Cons(
                                  ExprVar(
                                    op
                                  ),
                                  Nil
                                )
                              ),
                              Cons(
                                StmtCall(
                                  pi,
                                  Cons(
                                    ExprVar(
                                      y
                                    ),
                                    Nil
                                  )
                                ),
                                Cons(
                                  StmtCall(
                                    eq,
                                    Nil
                                  ),
                                  Cons(
                                    StmtCall(
                                      pb,
                                      Cons(
                                        ExprVar(
                                          r
                                        ),
                                        Nil
                                      )
                                    ),
                                    Cons(
                                      StmtCall(
                                        enter,
                                        Nil
                                      ),
                                      Nil
                                    )
                                  )
                                )
                              )
                            )
                          )
                        )
                      )
                    )
                  )
                )
              )
            ),
            Cons(
              Function(
                tabla,
                Cons(
                  Parameter(
                    x,
                    Int
                  ),
                  Cons(
                    Parameter(
                      y,
                      Int
                    ),
                    Nil
                  )
                ),
                Unit,
                Cons(
                  StmtCall(
                    putChar,
                    Cons(
                      ExprConstNum(
                        45
                      ),
                      Nil
                    )
                  ),
                  Cons(
                    StmtCall(
                      putChar,
                      Cons(
                        ExprConstNum(
                          45
                        ),
                        Nil
                      )
                    ),
                    Cons(
                      StmtCall(
                        putChar,
                        Cons(
                          ExprConstNum(
                            45
                          ),
                          Nil
                        )
                      ),
                      Cons(
                        StmtCall(
                          putChar,
                          Cons(
                            ExprConstNum(
                              10
                            ),
                            Nil
                          )
                        ),
                        Cons(
                          StmtCall(
                            fila,
                            Cons(
                              ExprVar(
                                x
                              ),
                              Cons(
                                ExprConstNum(
                                  1
                                ),
                                Cons(
                                  ExprVar(
                                    y
                                  ),
                                  Nil
                                )
                              )
                            )
                          ),
                          Cons(
                            StmtCall(
                              fila,
                              Cons(
                                ExprVar(
                                  x
                                ),
                                Cons(
                                  ExprConstNum(
                                    2
                                  ),
                                  Cons(
                                    ExprVar(
                                      y
                                    ),
                                    Nil
                                  )
                                )
                              )
                            ),
                            Cons(
                              StmtCall(
                                fila,
                                Cons(
                                  ExprVar(
                                    x
                                  ),
                                  Cons(
                                    ExprConstNum(
                                      3
                                    ),
                                    Cons(
                                      ExprVar(
                                        y
                                      ),
                                      Nil
                                    )
                                  )
                                )
                              ),
                              Cons(
                                StmtCall(
                                  fila,
                                  Cons(
                                    ExprVar(
                                      x
                                    ),
                                    Cons(
                                      ExprConstNum(
                                        4
                                      ),
                                      Cons(
                                        ExprVar(
                                          y
                                        ),
                                        Nil
                                      )
                                    )
                                  )
                                ),
                                Cons(
                                  StmtCall(
                                    fila,
                                    Cons(
                                      ExprVar(
                                        x
                                      ),
                                      Cons(
                                        ExprConstNum(
                                          5
                                        ),
                                        Cons(
                                          ExprVar(
                                            y
                                          ),
                                          Nil
                                        )
                                      )
                                    )
                                  ),
                                  Cons(
                                    StmtCall(
                                      fila,
                                      Cons(
                                        ExprVar(
                                          x
                                        ),
                                        Cons(
                                          ExprConstNum(
                                            6
                                          ),
                                          Cons(
                                            ExprVar(
                                              y
                                            ),
                                            Nil
                                          )
                                        )
                                      )
                                    ),
                                    Cons(
                                      StmtCall(
                                        putChar,
                                        Cons(
                                          ExprConstNum(
                                            45
                                          ),
                                          Nil
                                        )
                                      ),
                                      Cons(
                                        StmtCall(
                                          putChar,
                                          Cons(
                                            ExprConstNum(
                                              45
                                            ),
                                            Nil
                                          )
                                        ),
                                        Cons(
                                          StmtCall(
                                            putChar,
                                            Cons(
                                              ExprConstNum(
                                                45
                                              ),
                                              Nil
                                            )
                                          ),
                                          Cons(
                                            StmtCall(
                                              putChar,
                                              Cons(
                                                ExprConstNum(
                                                  10
                                                ),
                                                Nil
                                              )
                                            ),
                                            Nil
                                          )
                                        )
                                      )
                                    )
                                  )
                                )
                              )
                            )
                          )
                        )
                      )
                    )
                  )
                )
              ),
              Cons(
                Function(
                  f,
                  Cons(
                    Parameter(
                      x,
                      Int
                    ),
                    Nil
                  ),
                  Unit,
                  Cons(
                    StmtAssign(
                      y,
                      ExprConstNum(
                        0
                      )
                    ),
                    Cons(
                      StmtAssign(
                        y,
                        ExprAdd(
                          ExprVar(
                            y
                          ),
                          ExprConstNum(
                            1
                          )
                        )
                      ),
                      Cons(
                        StmtCall(
                          tabla,
                          Cons(
                            ExprVar(
                              x
                            ),
                            Cons(
                              ExprVar(
                                y
                              ),
                              Nil
                            )
                          )
                        ),
                        Cons(
                          StmtAssign(
                            y,
                            ExprAdd(
                              ExprVar(
                                y
                              ),
                              ExprConstNum(
                                1
                              )
                            )
                          ),
                          Cons(
                            StmtCall(
                              tabla,
                              Cons(
                                ExprVar(
                                  x
                                ),
                                Cons(
                                  ExprVar(
                                    y
                                  ),
                                  Nil
                                )
                              )
                            ),
                            Cons(
                              StmtAssign(
                                y,
                                ExprAdd(
                                  ExprVar(
                                    y
                                  ),
                                  ExprConstNum(
                                    1
                                  )
                                )
                              ),
                              Cons(
                                StmtCall(
                                  tabla,
                                  Cons(
                                    ExprVar(
                                      x
                                    ),
                                    Cons(
                                      ExprVar(
                                        y
                                      ),
                                      Nil
                                    )
                                  )
                                ),
                                Cons(
                                  StmtAssign(
                                    y,
                                    ExprAdd(
                                      ExprVar(
                                        y
                                      ),
                                      ExprConstNum(
                                        1
                                      )
                                    )
                                  ),
                                  Cons(
                                    StmtCall(
                                      tabla,
                                      Cons(
                                        ExprVar(
                                          x
                                        ),
                                        Cons(
                                          ExprVar(
                                            y
                                          ),
                                          Nil
                                        )
                                      )
                                    ),
                                    Cons(
                                      StmtAssign(
                                        y,
                                        ExprAdd(
                                          ExprVar(
                                            y
                                          ),
                                          ExprConstNum(
                                            1
                                          )
                                        )
                                      ),
                                      Cons(
                                        StmtCall(
                                          tabla,
                                          Cons(
                                            ExprVar(
                                              x
                                            ),
                                            Cons(
                                              ExprVar(
                                                y
                                              ),
                                              Nil
                                            )
                                          )
                                        ),
                                        Cons(
                                          StmtAssign(
                                            y,
                                            ExprAdd(
                                              ExprVar(
                                                y
                                              ),
                                              ExprConstNum(
                                                1
                                              )
                                            )
                                          ),
                                          Cons(
                                            StmtCall(
                                              tabla,
                                              Cons(
                                                ExprVar(
                                                  x
                                                ),
                                                Cons(
                                                  ExprVar(
                                                    y
                                                  ),
                                                  Nil
                                                )
                                              )
                                            ),
                                            Cons(
                                              StmtAssign(
                                                y,
                                                ExprAdd(
                                                  ExprVar(
                                                    y
                                                  ),
                                                  ExprConstNum(
                                                    1
                                                  )
                                                )
                                              ),
                                              Cons(
                                                StmtCall(
                                                  tabla,
                                                  Cons(
                                                    ExprVar(
                                                      x
                                                    ),
                                                    Cons(
                                                      ExprVar(
                                                        y
                                                      ),
                                                      Nil
                                                    )
                                                  )
                                                ),
                                                Cons(
                                                  StmtAssign(
                                                    y,
                                                    ExprAdd(
                                                      ExprVar(
                                                        y
                                                      ),
                                                      ExprConstNum(
                                                        1
                                                      )
                                                    )
                                                  ),
                                                  Cons(
                                                    StmtCall(
                                                      tabla,
                                                      Cons(
                                                        ExprVar(
                                                          x
                                                        ),
                                                        Cons(
                                                          ExprVar(
                                                            y
                                                          ),
                                                          Nil
                                                        )
                                                      )
                                                    ),
                                                    Cons(
                                                      StmtAssign(
                                                        y,
                                                        ExprAdd(
                                                          ExprVar(
                                                            y
                                                          ),
                                                          ExprConstNum(
                                                            1
                                                          )
                                                        )
                                                      ),
                                                      Cons(
                                                        StmtCall(
                                                          tabla,
                                                          Cons(
                                                            ExprVar(
                                                              x
                                                            ),
                                                            Cons(
                                                              ExprVar(
                                                                y
                                                              ),
                                                              Nil
                                                            )
                                                          )
                                                        ),
                                                        Cons(
                                                          StmtAssign(
                                                            y,
                                                            ExprAdd(
                                                              ExprVar(
                                                                y
                                                              ),
                                                              ExprConstNum(
                                                                1
                                                              )
                                                            )
                                                          ),
                                                          Cons(
                                                            StmtCall(
                                                              tabla,
                                                              Cons(
                                                                ExprVar(
                                                                  x
                                                                ),
                                                                Cons(
                                                                  ExprVar(
                                                                    y
                                                                  ),
                                                                  Nil
                                                                )
                                                              )
                                                            ),
                                                            Nil
                                                          )
                                                        )
                                                      )
                                                    )
                                                  )
                                                )
                                              )
                                            )
                                          )
                                        )
                                      )
                                    )
                                  )
                                )
                              )
                            )
                          )
                        )
                      )
                    )
                  )
                ),
                Cons(
                  Function(
                    main,
                    Nil,
                    Unit,
                    Cons(
                      StmtAssign(
                        x,
                        ExprConstNum(
                          0
                        )
                      ),
                      Cons(
                        StmtAssign(
                          x,
                          ExprAdd(
                            ExprVar(
                              x
                            ),
                            ExprConstNum(
                              1
                            )
                          )
                        ),
                        Cons(
                          StmtCall(
                            f,
                            Cons(
                              ExprVar(
                                x
                              ),
                              Nil
                            )
                          ),
                          Cons(
                            StmtAssign(
                              x,
                              ExprAdd(
                                ExprVar(
                                  x
                                ),
                                ExprConstNum(
                                  1
                                )
                              )
                            ),
                            Cons(
                              StmtCall(
                                f,
                                Cons(
                                  ExprVar(
                                    x
                                  ),
                                  Nil
                                )
                              ),
                              Cons(
                                StmtAssign(
                                  x,
                                  ExprAdd(
                                    ExprVar(
                                      x
                                    ),
                                    ExprConstNum(
                                      1
                                    )
                                  )
                                ),
                                Cons(
                                  StmtCall(
                                    f,
                                    Cons(
                                      ExprVar(
                                        x
                                      ),
                                      Nil
                                    )
                                  ),
                                  Cons(
                                    StmtAssign(
                                      x,
                                      ExprAdd(
                                        ExprVar(
                                          x
                                        ),
                                        ExprConstNum(
                                          1
                                        )
                                      )
                                    ),
                                    Cons(
                                      StmtCall(
                                        f,
                                        Cons(
                                          ExprVar(
                                            x
                                          ),
                                          Nil
                                        )
                                      ),
                                      Cons(
                                        StmtAssign(
                                          x,
                                          ExprAdd(
                                            ExprVar(
                                              x
                                            ),
                                            ExprConstNum(
                                              1
                                            )
                                          )
                                        ),
                                        Cons(
                                          StmtCall(
                                            f,
                                            Cons(
                                              ExprVar(
                                                x
                                              ),
                                              Nil
                                            )
                                          ),
                                          Cons(
                                            StmtAssign(
                                              x,
                                              ExprAdd(
                                                ExprVar(
                                                  x
                                                ),
                                                ExprConstNum(
                                                  1
                                                )
                                              )
                                            ),
                                            Cons(
                                              StmtCall(
                                                f,
                                                Cons(
                                                  ExprVar(
                                                    x
                                                  ),
                                                  Nil
                                                )
                                              ),
                                              Cons(
                                                StmtAssign(
                                                  x,
                                                  ExprAdd(
                                                    ExprVar(
                                                      x
                                                    ),
                                                    ExprConstNum(
                                                      1
                                                    )
                                                  )
                                                ),
                                                Cons(
                                                  StmtCall(
                                                    f,
                                                    Cons(
                                                      ExprVar(
                                                        x
                                                      ),
                                                      Nil
                                                    )
                                                  ),
                                                  Cons(
                                                    StmtAssign(
                                                      x,
                                                      ExprAdd(
                                                        ExprVar(
                                                          x
                                                        ),
                                                        ExprConstNum(
                                                          1
                                                        )
                                                      )
                                                    ),
                                                    Cons(
                                                      StmtCall(
                                                        f,
                                                        Cons(
                                                          ExprVar(
                                                            x
                                                          ),
                                                          Nil
                                                        )
                                                      ),
                                                      Cons(
                                                        StmtAssign(
                                                          x,
                                                          ExprAdd(
                                                            ExprVar(
                                                              x
                                                            ),
                                                            ExprConstNum(
                                                              1
                                                            )
                                                          )
                                                        ),
                                                        Cons(
                                                          StmtCall(
                                                            f,
                                                            Cons(
                                                              ExprVar(
                                                                x
                                                              ),
                                                              Nil
                                                            )
                                                          ),
                                                          Cons(
                                                            StmtAssign(
                                                              x,
                                                              ExprAdd(
                                                                ExprVar(
                                                                  x
                                                                ),
                                                                ExprConstNum(
                                                                  1
                                                                )
                                                              )
                                                            ),
                                                            Cons(
                                                              StmtCall(
                                                                f,
                                                                Cons(
                                                                  ExprVar(
                                                                    x
                                                                  ),
                                                                  Nil
                                                                )
                                                              ),
                                                              Nil
                                                            )
                                                          )
                                                        )
                                                      )
                                                    )
                                                  )
                                                )
                                              )
                                            )
                                          )
                                        )
                                      )
                                    )
                                  )
                                )
                              )
                            )
                          )
                        )
                      )
                    )
                  ),
                  Nil
                )
              )
            )
          )
        )
      )
    )
  )
)
