Cons(
  Function(
    g,
    Cons(
      Parameter(
        x,
        Int
      ),
      Nil
    ),
    Unit,
    Cons(
      StmtCall(
        putChar,
        Cons(
          ExprVar(
            x
          ),
          Nil
        )
      ),
      Cons(
        StmtCall(
          putChar,
          Cons(
            ExprVar(
              x
            ),
            Nil
          )
        ),
        Cons(
          StmtCall(
            putChar,
            Cons(
              ExprVar(
                x
              ),
              Nil
            )
          ),
          Nil
        )
      )
    )
  ),
  Cons(
    Function(
      f,
      Cons(
        Parameter(
          x,
          Int
        ),
        Cons(
          Parameter(
            y,
            Int
          ),
          Nil
        )
      ),
      Unit,
      Cons(
        StmtCall(
          g,
          Cons(
            ExprVar(
              x
            ),
            Nil
          )
        ),
        Cons(
          StmtCall(
            g,
            Cons(
              ExprVar(
                y
              ),
              Nil
            )
          ),
          Cons(
            StmtCall(
              g,
              Cons(
                ExprVar(
                  x
                ),
                Nil
              )
            ),
            Cons(
              StmtCall(
                putChar,
                Cons(
                  ExprConstNum(
                    10
                  ),
                  Nil
                )
              ),
              Nil
            )
          )
        )
      )
    ),
    Cons(
      Function(
        main,
        Nil,
        Unit,
        Cons(
          StmtCall(
            f,
            Cons(
              ExprConstNum(
                65
              ),
              Cons(
                ExprConstNum(
                  66
                ),
                Nil
              )
            )
          ),
          Cons(
            StmtCall(
              f,
              Cons(
                ExprConstNum(
                  66
                ),
                Cons(
                  ExprConstNum(
                    67
                  ),
                  Nil
                )
              )
            ),
            Cons(
              StmtCall(
                f,
                Cons(
                  ExprConstNum(
                    67
                  ),
                  Cons(
                    ExprConstNum(
                      68
                    ),
                    Nil
                  )
                )
              ),
              Nil
            )
          )
        )
      ),
      Nil
    )
  )
)
