Cons(
  Function(
    main,
    Nil,
    Unit,
    Cons(
      StmtAssign(
        a,
        ExprConstNum(
          165
        )
      ),
      Cons(
        StmtAssign(
          b,
          ExprConstNum(
            80
          )
        ),
        Cons(
          StmtAssign(
            c,
            ExprConstNum(
              40
            )
          ),
          Cons(
            StmtAssign(
              d,
              ExprConstNum(
                20
              )
            ),
            Cons(
              StmtAssign(
                e,
                ExprConstNum(
                  10
                )
              ),
              Cons(
                StmtCall(
                  putNum,
                  Cons(
                    ExprVar(
                      a
                    ),
                    Nil
                  )
                ),
                Cons(
                  StmtCall(
                    putChar,
                    Cons(
                      ExprConstNum(
                        10
                      ),
                      Nil
                    )
                  ),
                  Cons(
                    StmtCall(
                      putNum,
                      Cons(
                        ExprSub(
                          ExprVar(
                            a
                          ),
                          ExprVar(
                            b
                          )
                        ),
                        Nil
                      )
                    ),
                    Cons(
                      StmtCall(
                        putChar,
                        Cons(
                          ExprConstNum(
                            10
                          ),
                          Nil
                        )
                      ),
                      Cons(
                        StmtCall(
                          putNum,
                          Cons(
                            ExprSub(
                              ExprSub(
                                ExprVar(
                                  a
                                ),
                                ExprVar(
                                  b
                                )
                              ),
                              ExprVar(
                                c
                              )
                            ),
                            Nil
                          )
                        ),
                        Cons(
                          StmtCall(
                            putChar,
                            Cons(
                              ExprConstNum(
                                10
                              ),
                              Nil
                            )
                          ),
                          Cons(
                            StmtCall(
                              putNum,
                              Cons(
                                ExprSub(
                                  ExprVar(
                                    a
                                  ),
                                  ExprSub(
                                    ExprVar(
                                      b
                                    ),
                                    ExprVar(
                                      c
                                    )
                                  )
                                ),
                                Nil
                              )
                            ),
                            Cons(
                              StmtCall(
                                putChar,
                                Cons(
                                  ExprConstNum(
                                    10
                                  ),
                                  Nil
                                )
                              ),
                              Cons(
                                StmtCall(
                                  putNum,
                                  Cons(
                                    ExprSub(
                                      ExprSub(
                                        ExprSub(
                                          ExprVar(
                                            a
                                          ),
                                          ExprVar(
                                            b
                                          )
                                        ),
                                        ExprVar(
                                          c
                                        )
                                      ),
                                      ExprVar(
                                        d
                                      )
                                    ),
                                    Nil
                                  )
                                ),
                                Cons(
                                  StmtCall(
                                    putChar,
                                    Cons(
                                      ExprConstNum(
                                        10
                                      ),
                                      Nil
                                    )
                                  ),
                                  Cons(
                                    StmtCall(
                                      putNum,
                                      Cons(
                                        ExprSub(
                                          ExprSub(
                                            ExprVar(
                                              a
                                            ),
                                            ExprVar(
                                              b
                                            )
                                          ),
                                          ExprSub(
                                            ExprVar(
                                              c
                                            ),
                                            ExprVar(
                                              d
                                            )
                                          )
                                        ),
                                        Nil
                                      )
                                    ),
                                    Cons(
                                      StmtCall(
                                        putChar,
                                        Cons(
                                          ExprConstNum(
                                            10
                                          ),
                                          Nil
                                        )
                                      ),
                                      Cons(
                                        StmtCall(
                                          putNum,
                                          Cons(
                                            ExprSub(
                                              ExprSub(
                                                ExprVar(
                                                  a
                                                ),
                                                ExprSub(
                                                  ExprVar(
                                                    b
                                                  ),
                                                  ExprVar(
                                                    c
                                                  )
                                                )
                                              ),
                                              ExprVar(
                                                d
                                              )
                                            ),
                                            Nil
                                          )
                                        ),
                                        Cons(
                                          StmtCall(
                                            putChar,
                                            Cons(
                                              ExprConstNum(
                                                10
                                              ),
                                              Nil
                                            )
                                          ),
                                          Cons(
                                            StmtCall(
                                              putNum,
                                              Cons(
                                                ExprSub(
                                                  ExprVar(
                                                    a
                                                  ),
                                                  ExprSub(
                                                    ExprSub(
                                                      ExprVar(
                                                        b
                                                      ),
                                                      ExprVar(
                                                        c
                                                      )
                                                    ),
                                                    ExprVar(
                                                      d
                                                    )
                                                  )
                                                ),
                                                Nil
                                              )
                                            ),
                                            Cons(
                                              StmtCall(
                                                putChar,
                                                Cons(
                                                  ExprConstNum(
                                                    10
                                                  ),
                                                  Nil
                                                )
                                              ),
                                              Cons(
                                                StmtCall(
                                                  putNum,
                                                  Cons(
                                                    ExprSub(
                                                      ExprVar(
                                                        a
                                                      ),
                                                      ExprSub(
                                                        ExprVar(
                                                          b
                                                        ),
                                                        ExprSub(
                                                          ExprVar(
                                                            c
                                                          ),
                                                          ExprVar(
                                                            d
                                                          )
                                                        )
                                                      )
                                                    ),
                                                    Nil
                                                  )
                                                ),
                                                Cons(
                                                  StmtCall(
                                                    putChar,
                                                    Cons(
                                                      ExprConstNum(
                                                        10
                                                      ),
                                                      Nil
                                                    )
                                                  ),
                                                  Cons(
                                                    StmtCall(
                                                      putNum,
                                                      Cons(
                                                        ExprSub(
                                                          ExprSub(
                                                            ExprSub(
                                                              ExprSub(
                                                                ExprVar(
                                                                  a
                                                                ),
                                                                ExprVar(
                                                                  b
                                                                )
                                                              ),
                                                              ExprVar(
                                                                c
                                                              )
                                                            ),
                                                            ExprVar(
                                                              d
                                                            )
                                                          ),
                                                          ExprVar(
                                                            e
                                                          )
                                                        ),
                                                        Nil
                                                      )
                                                    ),
                                                    Cons(
                                                      StmtCall(
                                                        putChar,
                                                        Cons(
                                                          ExprConstNum(
                                                            10
                                                          ),
                                                          Nil
                                                        )
                                                      ),
                                                      Cons(
                                                        StmtCall(
                                                          putNum,
                                                          Cons(
                                                            ExprSub(
                                                              ExprSub(
                                                                ExprSub(
                                                                  ExprSub(
                                                                    ExprVar(
                                                                      a
                                                                    ),
                                                                    ExprVar(
                                                                      b
                                                                    )
                                                                  ),
                                                                  ExprVar(
                                                                    c
                                                                  )
                                                                ),
                                                                ExprVar(
                                                                  d
                                                                )
                                                              ),
                                                              ExprVar(
                                                                e
                                                              )
                                                            ),
                                                            Nil
                                                          )
                                                        ),
                                                        Cons(
                                                          StmtCall(
                                                            putChar,
                                                            Cons(
                                                              ExprConstNum(
                                                                10
                                                              ),
                                                              Nil
                                                            )
                                                          ),
                                                          Cons(
                                                            StmtCall(
                                                              putNum,
                                                              Cons(
                                                                ExprSub(
                                                                  ExprSub(
                                                                    ExprSub(
                                                                      ExprVar(
                                                                        a
                                                                      ),
                                                                      ExprVar(
                                                                        b
                                                                      )
                                                                    ),
                                                                    ExprVar(
                                                                      c
                                                                    )
                                                                  ),
                                                                  ExprSub(
                                                                    ExprVar(
                                                                      d
                                                                    ),
                                                                    ExprVar(
                                                                      e
                                                                    )
                                                                  )
                                                                ),
                                                                Nil
                                                              )
                                                            ),
                                                            Cons(
                                                              StmtCall(
                                                                putChar,
                                                                Cons(
                                                                  ExprConstNum(
                                                                    10
                                                                  ),
                                                                  Nil
                                                                )
                                                              ),
                                                              Cons(
                                                                StmtCall(
                                                                  putNum,
                                                                  Cons(
                                                                    ExprSub(
                                                                      ExprSub(
                                                                        ExprSub(
                                                                          ExprVar(
                                                                            a
                                                                          ),
                                                                          ExprVar(
                                                                            b
                                                                          )
                                                                        ),
                                                                        ExprSub(
                                                                          ExprVar(
                                                                            c
                                                                          ),
                                                                          ExprVar(
                                                                            d
                                                                          )
                                                                        )
                                                                      ),
                                                                      ExprVar(
                                                                        e
                                                                      )
                                                                    ),
                                                                    Nil
                                                                  )
                                                                ),
                                                                Cons(
                                                                  StmtCall(
                                                                    putChar,
                                                                    Cons(
                                                                      ExprConstNum(
                                                                        10
                                                                      ),
                                                                      Nil
                                                                    )
                                                                  ),
                                                                  Cons(
                                                                    StmtCall(
                                                                      putNum,
                                                                      Cons(
                                                                        ExprSub(
                                                                          ExprSub(
                                                                            ExprVar(
                                                                              a
                                                                            ),
                                                                            ExprVar(
                                                                              b
                                                                            )
                                                                          ),
                                                                          ExprSub(
                                                                            ExprSub(
                                                                              ExprVar(
                                                                                c
                                                                              ),
                                                                              ExprVar(
                                                                                d
                                                                              )
                                                                            ),
                                                                            ExprVar(
                                                                              e
                                                                            )
                                                                          )
                                                                        ),
                                                                        Nil
                                                                      )
                                                                    ),
                                                                    Cons(
                                                                      StmtCall(
                                                                        putChar,
                                                                        Cons(
                                                                          ExprConstNum(
                                                                            10
                                                                          ),
                                                                          Nil
                                                                        )
                                                                      ),
                                                                      Cons(
                                                                        StmtCall(
                                                                          putNum,
                                                                          Cons(
                                                                            ExprSub(
                                                                              ExprSub(
                                                                                ExprVar(
                                                                                  a
                                                                                ),
                                                                                ExprVar(
                                                                                  b
                                                                                )
                                                                              ),
                                                                              ExprSub(
                                                                                ExprVar(
                                                                                  c
                                                                                ),
                                                                                ExprSub(
                                                                                  ExprVar(
                                                                                    d
                                                                                  ),
                                                                                  ExprVar(
                                                                                    e
                                                                                  )
                                                                                )
                                                                              )
                                                                            ),
                                                                            Nil
                                                                          )
                                                                        ),
                                                                        Cons(
                                                                          StmtCall(
                                                                            putChar,
                                                                            Cons(
                                                                              ExprConstNum(
                                                                                10
                                                                              ),
                                                                              Nil
                                                                            )
                                                                          ),
                                                                          Cons(
                                                                            StmtCall(
                                                                              putNum,
                                                                              Cons(
                                                                                ExprSub(
                                                                                  ExprSub(
                                                                                    ExprSub(
                                                                                      ExprVar(
                                                                                        a
                                                                                      ),
                                                                                      ExprSub(
                                                                                        ExprVar(
                                                                                          b
                                                                                        ),
                                                                                        ExprVar(
                                                                                          c
                                                                                        )
                                                                                      )
                                                                                    ),
                                                                                    ExprVar(
                                                                                      d
                                                                                    )
                                                                                  ),
                                                                                  ExprVar(
                                                                                    e
                                                                                  )
                                                                                ),
                                                                                Nil
                                                                              )
                                                                            ),
                                                                            Cons(
                                                                              StmtCall(
                                                                                putChar,
                                                                                Cons(
                                                                                  ExprConstNum(
                                                                                    10
                                                                                  ),
                                                                                  Nil
                                                                                )
                                                                              ),
                                                                              Cons(
                                                                                StmtCall(
                                                                                  putNum,
                                                                                  Cons(
                                                                                    ExprSub(
                                                                                      ExprSub(
                                                                                        ExprVar(
                                                                                          a
                                                                                        ),
                                                                                        ExprSub(
                                                                                          ExprSub(
                                                                                            ExprVar(
                                                                                              b
                                                                                            ),
                                                                                            ExprVar(
                                                                                              c
                                                                                            )
                                                                                          ),
                                                                                          ExprVar(
                                                                                            d
                                                                                          )
                                                                                        )
                                                                                      ),
                                                                                      ExprVar(
                                                                                        e
                                                                                      )
                                                                                    ),
                                                                                    Nil
                                                                                  )
                                                                                ),
                                                                                Cons(
                                                                                  StmtCall(
                                                                                    putChar,
                                                                                    Cons(
                                                                                      ExprConstNum(
                                                                                        10
                                                                                      ),
                                                                                      Nil
                                                                                    )
                                                                                  ),
                                                                                  Cons(
                                                                                    StmtCall(
                                                                                      putNum,
                                                                                      Cons(
                                                                                        ExprSub(
                                                                                          ExprSub(
                                                                                            ExprVar(
                                                                                              a
                                                                                            ),
                                                                                            ExprSub(
                                                                                              ExprVar(
                                                                                                b
                                                                                              ),
                                                                                              ExprSub(
                                                                                                ExprVar(
                                                                                                  c
                                                                                                ),
                                                                                                ExprVar(
                                                                                                  d
                                                                                                )
                                                                                              )
                                                                                            )
                                                                                          ),
                                                                                          ExprVar(
                                                                                            e
                                                                                          )
                                                                                        ),
                                                                                        Nil
                                                                                      )
                                                                                    ),
                                                                                    Cons(
                                                                                      StmtCall(
                                                                                        putChar,
                                                                                        Cons(
                                                                                          ExprConstNum(
                                                                                            10
                                                                                          ),
                                                                                          Nil
                                                                                        )
                                                                                      ),
                                                                                      Cons(
                                                                                        StmtCall(
                                                                                          putNum,
                                                                                          Cons(
                                                                                            ExprSub(
                                                                                              ExprVar(
                                                                                                a
                                                                                              ),
                                                                                              ExprSub(
                                                                                                ExprSub(
                                                                                                  ExprSub(
                                                                                                    ExprVar(
                                                                                                      b
                                                                                                    ),
                                                                                                    ExprVar(
                                                                                                      c
                                                                                                    )
                                                                                                  ),
                                                                                                  ExprVar(
                                                                                                    d
                                                                                                  )
                                                                                                ),
                                                                                                ExprVar(
                                                                                                  e
                                                                                                )
                                                                                              )
                                                                                            ),
                                                                                            Nil
                                                                                          )
                                                                                        ),
                                                                                        Cons(
                                                                                          StmtCall(
                                                                                            putChar,
                                                                                            Cons(
                                                                                              ExprConstNum(
                                                                                                10
                                                                                              ),
                                                                                              Nil
                                                                                            )
                                                                                          ),
                                                                                          Cons(
                                                                                            StmtCall(
                                                                                              putNum,
                                                                                              Cons(
                                                                                                ExprSub(
                                                                                                  ExprVar(
                                                                                                    a
                                                                                                  ),
                                                                                                  ExprSub(
                                                                                                    ExprSub(
                                                                                                      ExprVar(
                                                                                                        b
                                                                                                      ),
                                                                                                      ExprVar(
                                                                                                        c
                                                                                                      )
                                                                                                    ),
                                                                                                    ExprSub(
                                                                                                      ExprVar(
                                                                                                        d
                                                                                                      ),
                                                                                                      ExprVar(
                                                                                                        e
                                                                                                      )
                                                                                                    )
                                                                                                  )
                                                                                                ),
                                                                                                Nil
                                                                                              )
                                                                                            ),
                                                                                            Cons(
                                                                                              StmtCall(
                                                                                                putChar,
                                                                                                Cons(
                                                                                                  ExprConstNum(
                                                                                                    10
                                                                                                  ),
                                                                                                  Nil
                                                                                                )
                                                                                              ),
                                                                                              Cons(
                                                                                                StmtCall(
                                                                                                  putNum,
                                                                                                  Cons(
                                                                                                    ExprSub(
                                                                                                      ExprVar(
                                                                                                        a
                                                                                                      ),
                                                                                                      ExprSub(
                                                                                                        ExprSub(
                                                                                                          ExprVar(
                                                                                                            b
                                                                                                          ),
                                                                                                          ExprSub(
                                                                                                            ExprVar(
                                                                                                              c
                                                                                                            ),
                                                                                                            ExprVar(
                                                                                                              d
                                                                                                            )
                                                                                                          )
                                                                                                        ),
                                                                                                        ExprVar(
                                                                                                          e
                                                                                                        )
                                                                                                      )
                                                                                                    ),
                                                                                                    Nil
                                                                                                  )
                                                                                                ),
                                                                                                Cons(
                                                                                                  StmtCall(
                                                                                                    putChar,
                                                                                                    Cons(
                                                                                                      ExprConstNum(
                                                                                                        10
                                                                                                      ),
                                                                                                      Nil
                                                                                                    )
                                                                                                  ),
                                                                                                  Cons(
                                                                                                    StmtCall(
                                                                                                      putNum,
                                                                                                      Cons(
                                                                                                        ExprSub(
                                                                                                          ExprVar(
                                                                                                            a
                                                                                                          ),
                                                                                                          ExprSub(
                                                                                                            ExprVar(
                                                                                                              b
                                                                                                            ),
                                                                                                            ExprSub(
                                                                                                              ExprSub(
                                                                                                                ExprVar(
                                                                                                                  c
                                                                                                                ),
                                                                                                                ExprVar(
                                                                                                                  d
                                                                                                                )
                                                                                                              ),
                                                                                                              ExprVar(
                                                                                                                e
                                                                                                              )
                                                                                                            )
                                                                                                          )
                                                                                                        ),
                                                                                                        Nil
                                                                                                      )
                                                                                                    ),
                                                                                                    Cons(
                                                                                                      StmtCall(
                                                                                                        putChar,
                                                                                                        Cons(
                                                                                                          ExprConstNum(
                                                                                                            10
                                                                                                          ),
                                                                                                          Nil
                                                                                                        )
                                                                                                      ),
                                                                                                      Cons(
                                                                                                        StmtCall(
                                                                                                          putNum,
                                                                                                          Cons(
                                                                                                            ExprSub(
                                                                                                              ExprVar(
                                                                                                                a
                                                                                                              ),
                                                                                                              ExprSub(
                                                                                                                ExprVar(
                                                                                                                  b
                                                                                                                ),
                                                                                                                ExprSub(
                                                                                                                  ExprVar(
                                                                                                                    c
                                                                                                                  ),
                                                                                                                  ExprSub(
                                                                                                                    ExprVar(
                                                                                                                      d
                                                                                                                    ),
                                                                                                                    ExprVar(
                                                                                                                      e
                                                                                                                    )
                                                                                                                  )
                                                                                                                )
                                                                                                              )
                                                                                                            ),
                                                                                                            Nil
                                                                                                          )
                                                                                                        ),
                                                                                                        Cons(
                                                                                                          StmtCall(
                                                                                                            putChar,
                                                                                                            Cons(
                                                                                                              ExprConstNum(
                                                                                                                10
                                                                                                              ),
                                                                                                              Nil
                                                                                                            )
                                                                                                          ),
                                                                                                          Nil
                                                                                                        )
                                                                                                      )
                                                                                                    )
                                                                                                  )
                                                                                                )
                                                                                              )
                                                                                            )
                                                                                          )
                                                                                        )
                                                                                      )
                                                                                    )
                                                                                  )
                                                                                )
                                                                              )
                                                                            )
                                                                          )
                                                                        )
                                                                      )
                                                                    )
                                                                  )
                                                                )
                                                              )
                                                            )
                                                          )
                                                        )
                                                      )
                                                    )
                                                  )
                                                )
                                              )
                                            )
                                          )
                                        )
                                      )
                                    )
                                  )
                                )
                              )
                            )
                          )
                        )
                      )
                    )
                  )
                )
              )
            )
          )
        )
      )
    )
  ),
  Nil
)
