Cons(
  Function(
    main,
    Nil,
    Unit,
    Cons(
      StmtAssign(
        h,
        ExprConstNum(
          104
        )
      ),
      Cons(
        StmtAssign(
          o,
          ExprConstNum(
            111
          )
        ),
        Cons(
          StmtAssign(
            l,
            ExprConstNum(
              108
            )
          ),
          Cons(
            StmtAssign(
              a,
              ExprConstNum(
                97
              )
            ),
            Cons(
              StmtAssign(
                enter,
                ExprConstNum(
                  10
                )
              ),
              Cons(
                StmtCall(
                  putChar,
                  Cons(
                    ExprVar(
                      h
                    ),
                    Nil
                  )
                ),
                Cons(
                  StmtCall(
                    putChar,
                    Cons(
                      ExprVar(
                        o
                      ),
                      Nil
                    )
                  ),
                  Cons(
                    StmtCall(
                      putChar,
                      Cons(
                        ExprVar(
                          l
                        ),
                        Nil
                      )
                    ),
                    Cons(
                      StmtCall(
                        putChar,
                        Cons(
                          ExprVar(
                            a
                          ),
                          Nil
                        )
                      ),
                      Cons(
                        StmtCall(
                          putChar,
                          Cons(
                            ExprVar(
                              enter
                            ),
                            Nil
                          )
                        ),
                        Nil
                      )
                    )
                  )
                )
              )
            )
          )
        )
      )
    )
  ),
  Nil
)
