Cons(
  Function(
    main,
    Nil,
    Unit,
    Cons(
      StmtAssign(
        i,
        ExprConstNum(
          0
        )
      ),
      Cons(
        StmtAssign(
          s,
          ExprConstNum(
            0
          )
        ),
        Cons(
          StmtAssign(
            j,
            ExprConstBool(
              True
            )
          ),
          Cons(
            StmtWhile(
              ExprLt(
                ExprVar(
                  i
                ),
                ExprConstNum(
                  1000
                )
              ),
              Cons(
                StmtIf(
                  ExprVar(
                    j
                  ),
                  Cons(
                    StmtAssign(
                      s,
                      ExprAdd(
                        ExprVar(
                          s
                        ),
                        ExprVar(
                          i
                        )
                      )
                    ),
                    Nil
                  ),
                  Nothing
                ),
                Cons(
                  StmtAssign(
                    j,
                    ExprNot(
                      ExprVar(
                        j
                      )
                    )
                  ),
                  Cons(
                    StmtAssign(
                      i,
                      ExprAdd(
                        ExprVar(
                          i
                        ),
                        ExprConstNum(
                          1
                        )
                      )
                    ),
                    Nil
                  )
                )
              )
            ),
            Cons(
              StmtCall(
                putNum,
                Cons(
                  ExprVar(
                    s
                  ),
                  Nil
                )
              ),
              Cons(
                StmtCall(
                  putChar,
                  Cons(
                    ExprConstNum(
                      10
                    ),
                    Nil
                  )
                ),
                Nil
              )
            )
          )
        )
      )
    )
  ),
  Nil
)
