Cons(
  Function(
    f,
    Nil,
    Int,
    Cons(
      StmtReturn(
        ExprConstNum(
          65
        )
      ),
      Nil
    )
  ),
  Cons(
    Function(
      main,
      Nil,
      Unit,
      Cons(
        StmtCall(
          putChar,
          Cons(
            ExprCall(
              f,
              Nil
            ),
            Nil
          )
        ),
        Cons(
          StmtCall(
            putChar,
            Cons(
              ExprConstNum(
                10
              ),
              Nil
            )
          ),
          Nil
        )
      )
    ),
    Nil
  )
)
