Cons(
  Function(
    f,
    Cons(
      Parameter(
        x,
        Int
      ),
      Nil
    ),
    Unit,
    Cons(
      StmtCall(
        putNum,
        Cons(
          ExprAdd(
            ExprVar(
              x
            ),
            ExprConstNum(
              30
            )
          ),
          Nil
        )
      ),
      Cons(
        StmtCall(
          putChar,
          Cons(
            ExprConstNum(
              10
            ),
            Nil
          )
        ),
        Cons(
          StmtCall(
            putNum,
            Cons(
              ExprAdd(
                ExprConstNum(
                  30
                ),
                ExprVar(
                  x
                )
              ),
              Nil
            )
          ),
          Cons(
            StmtCall(
              putChar,
              Cons(
                ExprConstNum(
                  10
                ),
                Nil
              )
            ),
            Cons(
              StmtAssign(
                z,
                ExprConstNum(
                  30
                )
              ),
              Cons(
                StmtCall(
                  putNum,
                  Cons(
                    ExprAdd(
                      ExprVar(
                        x
                      ),
                      ExprVar(
                        z
                      )
                    ),
                    Nil
                  )
                ),
                Cons(
                  StmtCall(
                    putChar,
                    Cons(
                      ExprConstNum(
                        10
                      ),
                      Nil
                    )
                  ),
                  Cons(
                    StmtCall(
                      putNum,
                      Cons(
                        ExprAdd(
                          ExprVar(
                            z
                          ),
                          ExprVar(
                            x
                          )
                        ),
                        Nil
                      )
                    ),
                    Cons(
                      StmtCall(
                        putChar,
                        Cons(
                          ExprConstNum(
                            10
                          ),
                          Nil
                        )
                      ),
                      Nil
                    )
                  )
                )
              )
            )
          )
        )
      )
    )
  ),
  Cons(
    Function(
      main,
      Nil,
      Unit,
      Cons(
        StmtCall(
          putNum,
          Cons(
            ExprAdd(
              ExprConstNum(
                40
              ),
              ExprConstNum(
                2
              )
            ),
            Nil
          )
        ),
        Cons(
          StmtCall(
            putChar,
            Cons(
              ExprConstNum(
                10
              ),
              Nil
            )
          ),
          Cons(
            StmtAssign(
              x,
              ExprConstNum(
                22
              )
            ),
            Cons(
              StmtAssign(
                y,
                ExprConstNum(
                  20
                )
              ),
              Cons(
                StmtCall(
                  putNum,
                  Cons(
                    ExprAdd(
                      ExprVar(
                        x
                      ),
                      ExprVar(
                        y
                      )
                    ),
                    Nil
                  )
                ),
                Cons(
                  StmtCall(
                    putChar,
                    Cons(
                      ExprConstNum(
                        10
                      ),
                      Nil
                    )
                  ),
                  Cons(
                    StmtAssign(
                      x,
                      ExprConstNum(
                        10
                      )
                    ),
                    Cons(
                      StmtAssign(
                        y,
                        ExprConstNum(
                          2
                        )
                      ),
                      Cons(
                        StmtCall(
                          f,
                          Cons(
                            ExprAdd(
                              ExprVar(
                                x
                              ),
                              ExprVar(
                                y
                              )
                            ),
                            Nil
                          )
                        ),
                        Cons(
                          StmtAssign(
                            x,
                            ExprAdd(
                              ExprVar(
                                x
                              ),
                              ExprConstNum(
                                2
                              )
                            )
                          ),
                          Cons(
                            StmtCall(
                              f,
                              Cons(
                                ExprVar(
                                  x
                                ),
                                Nil
                              )
                            ),
                            Nil
                          )
                        )
                      )
                    )
                  )
                )
              )
            )
          )
        )
      )
    ),
    Nil
  )
)
